[
    {
        "Name": "altera-pw-dc9fd127115442a8b778794b31a72ee6",
        "Id": "c8c0c91141b36a2dd925e9a3f10958f3bd0eb7d416c703ba32e2b45ebbcafb09",
        "Created": "2026-09-14T08:43:58.085335178Z",
        "Scope": "local",
        "Driver": "bridge",
        "EnableIPv4": true,
        "EnableIPv6": false,
        "IPAM": {
            "Driver": "default",
            "Options": {},
            "Config": [
                {
                    "Subnet": "172.20.0.0/16"
                }
            ]
        },
        "Internal": true,
        "Attachable": false,
        "Ingress": false,
        "ConfigFrom": {
            "Network": ""
        },
        "ConfigOnly": false,
        "Options": {
            "com.docker.network.bridge.gateway_mode_ipv4": "isolated",
            "com.docker.network.enable_ipv4": "true",
            "com.docker.network.enable_ipv6": "false"
        },
        "Labels": {},
        "Containers": {},
        "Status": {
            "IPAM": {
                "Subnets": {
                    "172.20.0.0/16": {
                        "IPsInUse": 2,
                        "DynamicIPsAvailable": 65534
                    }
                }
            }
        }
    }
]
