test_auth_is_one_readonly_file_and_never_a_home_mount (__main__.RuntimeTests) ... ok
test_claude_login_is_fixed_and_cannot_become_a_model_command (__main__.RuntimeTests) ... ok
test_codex_protocol_preserves_args_and_restricts_overrides (__main__.RuntimeTests) ... ok
test_external_symlink_and_ignored_explicit_input_are_rejected (__main__.RuntimeTests) ... ok
test_mcp_policy_rejects_duplicate_or_malformed_json_without_echoing_values (__main__.RuntimeTests) ... ok
test_mcp_policy_rejects_unknown_servers_transports_and_fields (__main__.RuntimeTests) ... ok
test_native_codex_listener_does_not_allow_alternate_transports_or_overrides (__main__.RuntimeTests) ... ok
test_native_codex_stdio_listener_is_forwarded_exactly (__main__.RuntimeTests) ... ok
test_omitted_native_flags_keep_explicit_model_and_effort (__main__.RuntimeTests) ... ok
test_readonly_mounts_and_token_free_env (__main__.RuntimeTests) ... ok
test_rejects_unknown_paths_settings_and_model_changes (__main__.RuntimeTests) ... ok
test_snapshot_preserves_revision_and_dirty_without_ignored_secrets (__main__.RuntimeTests) ... ok
test_stale_source_policy_and_mutable_aliases_fail_closed (__main__.RuntimeTests) ... ok
test_undeclared_untracked_source_cannot_disappear_from_snapshot (__main__.RuntimeTests) ... ok
test_unresolved_managed_home_is_rejected (__main__.RuntimeTests) ... ok
test_untracked_fingerprint_normalizes_permissions_to_git_mode (__main__.RuntimeTests) ... ok
test_untracked_kind_changes_with_identical_digest_fail_closed (__main__.RuntimeTests) ... ok
test_untracked_mode_changes_in_source_and_snapshot_fail_closed (__main__.RuntimeTests) ... ok
test_verified_reviewer_mcp_policy_preserves_both_trace_argv_forms_and_context7 (__main__.RuntimeTests) ... ok

----------------------------------------------------------------------
Ran 19 tests in 9.359s

OK
