
> nuxt-app@ build /private/tmp/altera-agent-loop-autonomy/web
> nuxt build

[nuxi] Nuxt 4.0.0 with Nitro 2.12.0

 WARN  Could not fetch from https://fonts.google.com/metadata/fonts. Will retry in 1000ms. 3 retries left.


 WARN  Could not fetch from https://fonts.google.com/metadata/icons?key=material_symbols&incomplete=true. Will retry in 1000ms. 3 retries left.


 WARN  Could not fetch from https://fonts.bunny.net/list. Will retry in 1000ms. 3 retries left.


 WARN  Could not fetch from https://api.fontshare.com/v2/fonts?offset=0&limit=100. Will retry in 1000ms. 3 retries left.


 WARN  Could not fetch from https://api.fontsource.org/v1/fonts. Will retry in 1000ms. 3 retries left.


 WARN  Could not fetch from https://fonts.google.com/metadata/fonts. Will retry in 1000ms. 2 retries left.


 WARN  Could not fetch from https://fonts.google.com/metadata/icons?key=material_symbols&incomplete=true. Will retry in 1000ms. 2 retries left.


 WARN  Could not fetch from https://fonts.bunny.net/list. Will retry in 1000ms. 2 retries left.


 WARN  Could not fetch from https://api.fontshare.com/v2/fonts?offset=0&limit=100. Will retry in 1000ms. 2 retries left.


 WARN  Could not fetch from https://api.fontsource.org/v1/fonts. Will retry in 1000ms. 2 retries left.


 WARN  Could not fetch from https://fonts.google.com/metadata/fonts. Will retry in 1000ms. 1 retries left.


 WARN  Could not fetch from https://fonts.google.com/metadata/icons?key=material_symbols&incomplete=true. Will retry in 1000ms. 1 retries left.


 WARN  Could not fetch from https://fonts.bunny.net/list. Will retry in 1000ms. 1 retries left.


 WARN  Could not fetch from https://api.fontshare.com/v2/fonts?offset=0&limit=100. Will retry in 1000ms. 1 retries left.


 WARN  Could not fetch from https://api.fontsource.org/v1/fonts. Will retry in 1000ms. 1 retries left.


 ERROR  Could not initialize provider googleicons. unifont will not be able to process fonts provided by this provider. fetch failed

    at node:internal/deps/undici/undici:15845:13
    at process.processTicksAndRejections (node:internal/process/task_queues:103:5)
    at async /private/tmp/altera-agent-loop-autonomy/node_modules/.pnpm/unifont@0.4.1/node_modules/unifont/dist/index.js:562:34
    at async Object.getItem (/private/tmp/altera-agent-loop-autonomy/node_modules/.pnpm/unifont@0.4.1/node_modules/unifont/dist/index.js:29:20)
    at async /private/tmp/altera-agent-loop-autonomy/node_modules/.pnpm/unifont@0.4.1/node_modules/unifont/dist/index.js:561:23
    at async /private/tmp/altera-agent-loop-autonomy/node_modules/.pnpm/unifont@0.4.1/node_modules/unifont/dist/index.js:654:35
    at async Promise.all (index 3)
    at async createUnifont (/private/tmp/altera-agent-loop-autonomy/node_modules/.pnpm/unifont@0.4.1/node_modules/unifont/dist/index.js:652:3)
    at async /private/tmp/altera-agent-loop-autonomy/node_modules/.pnpm/@nuxt+fonts@0.11.4_@netlify+blobs@9.1.2_db0@0.3.2_ioredis@5.6.1_magicast@0.3.5_vite@7.0_00133913618ddac94b0f07a8a2d0e935/node_modules/@nuxt/fonts/dist/module.mjs:830:17
    at async initNuxt (/private/tmp/altera-agent-loop-autonomy/node_modules/.pnpm/nuxt@4.0.0_@netlify+blobs@9.1.2_@parcel+watcher@2.5.1_@types+node@24.0.15_@vue+compiler_1b7ed1d94a47defb5c109b7eb768af3b/node_modules/nuxt/dist/index.mjs:5613:3)

  [cause]: getaddrinfo ENOTFOUND fonts.google.com

      at GetAddrInfoReqWrap.onlookupall [as oncomplete] (node:dns:122:26)


 ERROR  Could not initialize provider google. unifont will not be able to process fonts provided by this provider. fetch failed

    at node:internal/deps/undici/undici:15845:13
    at process.processTicksAndRejections (node:internal/process/task_queues:103:5)
    at async Object.getItem (/private/tmp/altera-agent-loop-autonomy/node_modules/.pnpm/unifont@0.4.1/node_modules/unifont/dist/index.js:29:20)
    at async /private/tmp/altera-agent-loop-autonomy/node_modules/.pnpm/unifont@0.4.1/node_modules/unifont/dist/index.js:475:23
    at async /private/tmp/altera-agent-loop-autonomy/node_modules/.pnpm/unifont@0.4.1/node_modules/unifont/dist/index.js:654:35
    at async Promise.all (index 2)
    at async createUnifont (/private/tmp/altera-agent-loop-autonomy/node_modules/.pnpm/unifont@0.4.1/node_modules/unifont/dist/index.js:652:3)
    at async /private/tmp/altera-agent-loop-autonomy/node_modules/.pnpm/@nuxt+fonts@0.11.4_@netlify+blobs@9.1.2_db0@0.3.2_ioredis@5.6.1_magicast@0.3.5_vite@7.0_00133913618ddac94b0f07a8a2d0e935/node_modules/@nuxt/fonts/dist/module.mjs:830:17
    at async initNuxt (/private/tmp/altera-agent-loop-autonomy/node_modules/.pnpm/nuxt@4.0.0_@netlify+blobs@9.1.2_@parcel+watcher@2.5.1_@types+node@24.0.15_@vue+compiler_1b7ed1d94a47defb5c109b7eb768af3b/node_modules/nuxt/dist/index.mjs:5613:3)
    at async loadNuxt (/private/tmp/altera-agent-loop-autonomy/node_modules/.pnpm/nuxt@4.0.0_@netlify+blobs@9.1.2_@parcel+watcher@2.5.1_@types+node@24.0.15_@vue+compiler_1b7ed1d94a47defb5c109b7eb768af3b/node_modules/nuxt/dist/index.mjs:5816:5)

  [cause]: getaddrinfo ENOTFOUND fonts.google.com

      at GetAddrInfoReqWrap.onlookupall [as oncomplete] (node:dns:122:26)


 ERROR  Could not initialize provider bunny. unifont will not be able to process fonts provided by this provider. fetch failed

    at node:internal/deps/undici/undici:15845:13
    at process.processTicksAndRejections (node:internal/process/task_queues:103:5)
    at async Object.getItem (/private/tmp/altera-agent-loop-autonomy/node_modules/.pnpm/unifont@0.4.1/node_modules/unifont/dist/index.js:29:20)
    at async /private/tmp/altera-agent-loop-autonomy/node_modules/.pnpm/unifont@0.4.1/node_modules/unifont/dist/index.js:312:17
    at async /private/tmp/altera-agent-loop-autonomy/node_modules/.pnpm/unifont@0.4.1/node_modules/unifont/dist/index.js:654:35
    at async Promise.all (index 4)
    at async createUnifont (/private/tmp/altera-agent-loop-autonomy/node_modules/.pnpm/unifont@0.4.1/node_modules/unifont/dist/index.js:652:3)
    at async /private/tmp/altera-agent-loop-autonomy/node_modules/.pnpm/@nuxt+fonts@0.11.4_@netlify+blobs@9.1.2_db0@0.3.2_ioredis@5.6.1_magicast@0.3.5_vite@7.0_00133913618ddac94b0f07a8a2d0e935/node_modules/@nuxt/fonts/dist/module.mjs:830:17
    at async initNuxt (/private/tmp/altera-agent-loop-autonomy/node_modules/.pnpm/nuxt@4.0.0_@netlify+blobs@9.1.2_@parcel+watcher@2.5.1_@types+node@24.0.15_@vue+compiler_1b7ed1d94a47defb5c109b7eb768af3b/node_modules/nuxt/dist/index.mjs:5613:3)
    at async loadNuxt (/private/tmp/altera-agent-loop-autonomy/node_modules/.pnpm/nuxt@4.0.0_@netlify+blobs@9.1.2_@parcel+watcher@2.5.1_@types+node@24.0.15_@vue+compiler_1b7ed1d94a47defb5c109b7eb768af3b/node_modules/nuxt/dist/index.mjs:5816:5)

  [cause]: getaddrinfo ENOTFOUND fonts.bunny.net

      at GetAddrInfoReqWrap.onlookupall [as oncomplete] (node:dns:122:26)


 ERROR  Could not initialize provider fontshare. unifont will not be able to process fonts provided by this provider. fetch failed

    at node:internal/deps/undici/undici:15845:13
    at process.processTicksAndRejections (node:internal/process/task_queues:103:5)
    at async /private/tmp/altera-agent-loop-autonomy/node_modules/.pnpm/unifont@0.4.1/node_modules/unifont/dist/index.js:358:15
    at async Object.getItem (/private/tmp/altera-agent-loop-autonomy/node_modules/.pnpm/unifont@0.4.1/node_modules/unifont/dist/index.js:29:20)
    at async /private/tmp/altera-agent-loop-autonomy/node_modules/.pnpm/unifont@0.4.1/node_modules/unifont/dist/index.js:353:17
    at async /private/tmp/altera-agent-loop-autonomy/node_modules/.pnpm/unifont@0.4.1/node_modules/unifont/dist/index.js:654:35
    at async Promise.all (index 5)
    at async createUnifont (/private/tmp/altera-agent-loop-autonomy/node_modules/.pnpm/unifont@0.4.1/node_modules/unifont/dist/index.js:652:3)
    at async /private/tmp/altera-agent-loop-autonomy/node_modules/.pnpm/@nuxt+fonts@0.11.4_@netlify+blobs@9.1.2_db0@0.3.2_ioredis@5.6.1_magicast@0.3.5_vite@7.0_00133913618ddac94b0f07a8a2d0e935/node_modules/@nuxt/fonts/dist/module.mjs:830:17
    at async initNuxt (/private/tmp/altera-agent-loop-autonomy/node_modules/.pnpm/nuxt@4.0.0_@netlify+blobs@9.1.2_@parcel+watcher@2.5.1_@types+node@24.0.15_@vue+compiler_1b7ed1d94a47defb5c109b7eb768af3b/node_modules/nuxt/dist/index.mjs:5613:3)

  [cause]: getaddrinfo ENOTFOUND api.fontshare.com

      at GetAddrInfoReqWrap.onlookupall [as oncomplete] (node:dns:122:26)


 ERROR  Could not initialize provider fontsource. unifont will not be able to process fonts provided by this provider. fetch failed

    at node:internal/deps/undici/undici:15845:13
    at process.processTicksAndRejections (node:internal/process/task_queues:103:5)
    at async Object.getItem (/private/tmp/altera-agent-loop-autonomy/node_modules/.pnpm/unifont@0.4.1/node_modules/unifont/dist/index.js:29:20)
    at async /private/tmp/altera-agent-loop-autonomy/node_modules/.pnpm/unifont@0.4.1/node_modules/unifont/dist/index.js:409:17
    at async /private/tmp/altera-agent-loop-autonomy/node_modules/.pnpm/unifont@0.4.1/node_modules/unifont/dist/index.js:654:35
    at async Promise.all (index 6)
    at async createUnifont (/private/tmp/altera-agent-loop-autonomy/node_modules/.pnpm/unifont@0.4.1/node_modules/unifont/dist/index.js:652:3)
    at async /private/tmp/altera-agent-loop-autonomy/node_modules/.pnpm/@nuxt+fonts@0.11.4_@netlify+blobs@9.1.2_db0@0.3.2_ioredis@5.6.1_magicast@0.3.5_vite@7.0_00133913618ddac94b0f07a8a2d0e935/node_modules/@nuxt/fonts/dist/module.mjs:830:17
    at async initNuxt (/private/tmp/altera-agent-loop-autonomy/node_modules/.pnpm/nuxt@4.0.0_@netlify+blobs@9.1.2_@parcel+watcher@2.5.1_@types+node@24.0.15_@vue+compiler_1b7ed1d94a47defb5c109b7eb768af3b/node_modules/nuxt/dist/index.mjs:5613:3)
    at async loadNuxt (/private/tmp/altera-agent-loop-autonomy/node_modules/.pnpm/nuxt@4.0.0_@netlify+blobs@9.1.2_@parcel+watcher@2.5.1_@types+node@24.0.15_@vue+compiler_1b7ed1d94a47defb5c109b7eb768af3b/node_modules/nuxt/dist/index.mjs:5816:5)

  [cause]: getaddrinfo ENOTFOUND api.fontsource.org

      at GetAddrInfoReqWrap.onlookupall [as oncomplete] (node:dns:122:26)

ℹ Nuxt Icon server bundle mode is set to local
✔ Nuxt Icon loaded local collection a-icon with 4 icons
[nuxi] ℹ Building for Nitro preset: node-server

 WARN  Browserslist: browsers data (caniuse-lite) is 15 months old. Please run:
  npx update-browserslist-db@latest
  Why you should do it regularly: https://github.com/browserslist/update-db#readme

ℹ Building client...
ℹ vite v7.0.5 building for production...
ℹ transforming...
ℹ ✓ 3109 modules transformed.
ℹ rendering chunks...
ℹ computing gzip size...
ℹ ../node_modules/.cache/nuxt/.nuxt/dist/client/manifest.json                             144.68 kB │ gzip:   7.18 kB
ℹ ../node_modules/.cache/nuxt/.nuxt/dist/client/_nuxt/Waterway Display Font.CHgOEpxj.ttf  146.40 kB
ℹ ../node_modules/.cache/nuxt/.nuxt/dist/client/_nuxt/GaramondLibre-Italic._PMOmiXU.otf   654.88 kB
ℹ ../node_modules/.cache/nuxt/.nuxt/dist/client/_nuxt/GaramondLibre-Bold.CVNF33lB.otf     684.49 kB
ℹ ../node_modules/.cache/nuxt/.nuxt/dist/client/_nuxt/GaramondLibre-Regular.Bc_nSCUh.otf  715.78 kB
ℹ ../node_modules/.cache/nuxt/.nuxt/dist/client/_nuxt/CormorantSC-Medium.DcdpA-sc.ttf     765.50 kB
ℹ ../node_modules/.cache/nuxt/.nuxt/dist/client/_nuxt/CormorantSC-Bold.B6CDVmnU.ttf       765.82 kB
ℹ ../node_modules/.cache/nuxt/.nuxt/dist/client/_nuxt/CormorantSC-SemiBold.UdzChJck.ttf   766.94 kB
ℹ ../node_modules/.cache/nuxt/.nuxt/dist/client/_nuxt/CormorantSC-Regular.W5Nmew-V.ttf    767.23 kB
ℹ ../node_modules/.cache/nuxt/.nuxt/dist/client/_nuxt/CormorantSC-Light.DO11UmLC.ttf      768.00 kB
ℹ ../node_modules/.cache/nuxt/.nuxt/dist/client/_nuxt/index.CRoy5vy1.css                    0.57 kB │ gzip:   0.19 kB
ℹ ../node_modules/.cache/nuxt/.nuxt/dist/client/_nuxt/error-500.D4Nqf7lI.css                1.91 kB │ gzip:   0.73 kB
ℹ ../node_modules/.cache/nuxt/.nuxt/dist/client/_nuxt/error-404.BNsg12HJ.css                2.43 kB │ gzip:   0.86 kB
ℹ ../node_modules/.cache/nuxt/.nuxt/dist/client/_nuxt/test-error.DCi1m4Yr.css               2.62 kB │ gzip:   0.80 kB
ℹ ../node_modules/.cache/nuxt/.nuxt/dist/client/_nuxt/calendar.kXJn94Xb.css                23.37 kB │ gzip:   4.70 kB
ℹ ../node_modules/.cache/nuxt/.nuxt/dist/client/_nuxt/form.CCJ2WLK6.css                    35.06 kB │ gzip:   4.66 kB
ℹ ../node_modules/.cache/nuxt/.nuxt/dist/client/_nuxt/entry.uDEDmf_i.css                   65.48 kB │ gzip:  11.33 kB
ℹ ../node_modules/.cache/nuxt/.nuxt/dist/client/_nuxt/BoiMfYfP.js                           0.08 kB │ gzip:   0.09 kB
ℹ ../node_modules/.cache/nuxt/.nuxt/dist/client/_nuxt/DAf5y4SN.js                           0.14 kB │ gzip:   0.14 kB
ℹ ../node_modules/.cache/nuxt/.nuxt/dist/client/_nuxt/Dlp-eaTo.js                           0.14 kB │ gzip:   0.15 kB
ℹ ../node_modules/.cache/nuxt/.nuxt/dist/client/_nuxt/B8NxE7E6.js                           0.15 kB │ gzip:   0.15 kB
ℹ ../node_modules/.cache/nuxt/.nuxt/dist/client/_nuxt/DcenYn0Z.js                           0.15 kB │ gzip:   0.15 kB
ℹ ../node_modules/.cache/nuxt/.nuxt/dist/client/_nuxt/Bp7HBOlv.js                           0.16 kB │ gzip:   0.15 kB
ℹ ../node_modules/.cache/nuxt/.nuxt/dist/client/_nuxt/c6LCHeeT.js                           0.16 kB │ gzip:   0.16 kB
ℹ ../node_modules/.cache/nuxt/.nuxt/dist/client/_nuxt/Ds3I8pTx.js                           0.16 kB │ gzip:   0.16 kB
ℹ ../node_modules/.cache/nuxt/.nuxt/dist/client/_nuxt/BDDeCYDi.js                           0.16 kB │ gzip:   0.16 kB
ℹ ../node_modules/.cache/nuxt/.nuxt/dist/client/_nuxt/BNaLvTWn.js                           0.16 kB │ gzip:   0.16 kB
ℹ ../node_modules/.cache/nuxt/.nuxt/dist/client/_nuxt/Cv7iPjhD.js                           0.18 kB │ gzip:   0.17 kB
ℹ ../node_modules/.cache/nuxt/.nuxt/dist/client/_nuxt/DOeTgLpl.js                           0.25 kB │ gzip:   0.23 kB
ℹ ../node_modules/.cache/nuxt/.nuxt/dist/client/_nuxt/B3HGRwBN.js                           0.25 kB │ gzip:   0.20 kB
ℹ ../node_modules/.cache/nuxt/.nuxt/dist/client/_nuxt/C4cCH9zC.js                           0.29 kB │ gzip:   0.23 kB
ℹ ../node_modules/.cache/nuxt/.nuxt/dist/client/_nuxt/DOq9MI0D.js                           0.36 kB │ gzip:   0.27 kB
ℹ ../node_modules/.cache/nuxt/.nuxt/dist/client/_nuxt/DmlirWdG.js                           0.41 kB │ gzip:   0.29 kB
ℹ ../node_modules/.cache/nuxt/.nuxt/dist/client/_nuxt/BhIWH7IO.js                           0.50 kB │ gzip:   0.36 kB
ℹ ../node_modules/.cache/nuxt/.nuxt/dist/client/_nuxt/DJ-Nl9V5.js                           0.51 kB │ gzip:   0.36 kB
ℹ ../node_modules/.cache/nuxt/.nuxt/dist/client/_nuxt/AzwJ7qb6.js                           0.57 kB │ gzip:   0.39 kB
ℹ ../node_modules/.cache/nuxt/.nuxt/dist/client/_nuxt/ggmN9u6x.js                           0.58 kB │ gzip:   0.35 kB
ℹ ../node_modules/.cache/nuxt/.nuxt/dist/client/_nuxt/D1tB7mqN.js                           0.61 kB │ gzip:   0.40 kB
ℹ ../node_modules/.cache/nuxt/.nuxt/dist/client/_nuxt/Bn5Ss2Ue.js                           0.72 kB │ gzip:   0.43 kB
ℹ ../node_modules/.cache/nuxt/.nuxt/dist/client/_nuxt/Bn84Vgle.js                           1.12 kB │ gzip:   0.58 kB
ℹ ../node_modules/.cache/nuxt/.nuxt/dist/client/_nuxt/BIJB-2jm.js                           1.30 kB │ gzip:   0.81 kB
ℹ ../node_modules/.cache/nuxt/.nuxt/dist/client/_nuxt/B3lxLRme.js                           1.31 kB │ gzip:   0.82 kB
ℹ ../node_modules/.cache/nuxt/.nuxt/dist/client/_nuxt/1k81OdVY.js                           1.32 kB │ gzip:   0.82 kB
ℹ ../node_modules/.cache/nuxt/.nuxt/dist/client/_nuxt/DRlu5-Oe.js                           1.34 kB │ gzip:   0.83 kB
ℹ ../node_modules/.cache/nuxt/.nuxt/dist/client/_nuxt/VVtp1oLg.js                           1.35 kB │ gzip:   0.83 kB
ℹ ../node_modules/.cache/nuxt/.nuxt/dist/client/_nuxt/Cxb2xSBo.js                           1.35 kB │ gzip:   0.78 kB
ℹ ../node_modules/.cache/nuxt/.nuxt/dist/client/_nuxt/CceMnk77.js                           1.36 kB │ gzip:   0.83 kB
ℹ ../node_modules/.cache/nuxt/.nuxt/dist/client/_nuxt/CPojK3ck.js                           1.37 kB │ gzip:   0.81 kB
ℹ ../node_modules/.cache/nuxt/.nuxt/dist/client/_nuxt/DX_Tsdbk.js                           1.40 kB │ gzip:   0.85 kB
ℹ ../node_modules/.cache/nuxt/.nuxt/dist/client/_nuxt/8YGTZLbZ.js                           1.40 kB │ gzip:   0.86 kB
ℹ ../node_modules/.cache/nuxt/.nuxt/dist/client/_nuxt/DgXMg4t0.js                           1.41 kB │ gzip:   0.87 kB
ℹ ../node_modules/.cache/nuxt/.nuxt/dist/client/_nuxt/DdQWDeKc.js                           1.46 kB │ gzip:   0.77 kB
ℹ ../node_modules/.cache/nuxt/.nuxt/dist/client/_nuxt/DPNz1mMb.js                           1.47 kB │ gzip:   0.88 kB
ℹ ../node_modules/.cache/nuxt/.nuxt/dist/client/_nuxt/Bzo3yS_E.js                           1.48 kB │ gzip:   0.88 kB
ℹ ../node_modules/.cache/nuxt/.nuxt/dist/client/_nuxt/DV7mffHW.js                           1.48 kB │ gzip:   0.87 kB
ℹ ../node_modules/.cache/nuxt/.nuxt/dist/client/_nuxt/Bn2rDBgX.js                           1.50 kB │ gzip:   0.80 kB
ℹ ../node_modules/.cache/nuxt/.nuxt/dist/client/_nuxt/sZ1uqG8w.js                           1.53 kB │ gzip:   0.92 kB
ℹ ../node_modules/.cache/nuxt/.nuxt/dist/client/_nuxt/Daazz8Rq.js                           1.54 kB │ gzip:   0.81 kB
ℹ ../node_modules/.cache/nuxt/.nuxt/dist/client/_nuxt/Q6eeqJZX.js                           1.54 kB │ gzip:   0.85 kB
ℹ ../node_modules/.cache/nuxt/.nuxt/dist/client/_nuxt/DVwLfUk_.js                           1.56 kB │ gzip:   0.80 kB
ℹ ../node_modules/.cache/nuxt/.nuxt/dist/client/_nuxt/DXKGviJj.js                           1.60 kB │ gzip:   0.83 kB
ℹ ../node_modules/.cache/nuxt/.nuxt/dist/client/_nuxt/DHHAp8b-.js                           1.61 kB │ gzip:   0.91 kB
ℹ ../node_modules/.cache/nuxt/.nuxt/dist/client/_nuxt/DKC7nDFb.js                           1.62 kB │ gzip:   0.83 kB
ℹ ../node_modules/.cache/nuxt/.nuxt/dist/client/_nuxt/DMI3t6Ey.js                           1.66 kB │ gzip:   0.88 kB
ℹ ../node_modules/.cache/nuxt/.nuxt/dist/client/_nuxt/DqXTztqt.js                           1.68 kB │ gzip:   0.84 kB
ℹ ../node_modules/.cache/nuxt/.nuxt/dist/client/_nuxt/D96jcGKS.js                           1.71 kB │ gzip:   0.86 kB
ℹ ../node_modules/.cache/nuxt/.nuxt/dist/client/_nuxt/C-F21wXs.js                           1.71 kB │ gzip:   0.99 kB
ℹ ../node_modules/.cache/nuxt/.nuxt/dist/client/_nuxt/DuT6Sq-k.js                           1.72 kB │ gzip:   0.90 kB
ℹ ../node_modules/.cache/nuxt/.nuxt/dist/client/_nuxt/CFsVnCeb.js                           1.74 kB │ gzip:   0.90 kB
ℹ ../node_modules/.cache/nuxt/.nuxt/dist/client/_nuxt/BppdZXoH.js                           1.79 kB │ gzip:   0.90 kB
ℹ ../node_modules/.cache/nuxt/.nuxt/dist/client/_nuxt/DBeMZKXM.js                           1.81 kB │ gzip:   1.09 kB
ℹ ../node_modules/.cache/nuxt/.nuxt/dist/client/_nuxt/Cglg273R.js                           1.81 kB │ gzip:   0.88 kB
ℹ ../node_modules/.cache/nuxt/.nuxt/dist/client/_nuxt/Cwodb5MD.js                           1.82 kB │ gzip:   0.91 kB
ℹ ../node_modules/.cache/nuxt/.nuxt/dist/client/_nuxt/DJbQS2eP.js                           1.84 kB │ gzip:   0.98 kB
ℹ ../node_modules/.cache/nuxt/.nuxt/dist/client/_nuxt/CTx9y6MY.js                           1.86 kB │ gzip:   0.87 kB
ℹ ../node_modules/.cache/nuxt/.nuxt/dist/client/_nuxt/BSJ0-gOx.js                           1.88 kB │ gzip:   0.90 kB
ℹ ../node_modules/.cache/nuxt/.nuxt/dist/client/_nuxt/CiOAd-Su.js                           1.89 kB │ gzip:   0.87 kB
ℹ ../node_modules/.cache/nuxt/.nuxt/dist/client/_nuxt/hWOn6oCG.js                           1.90 kB │ gzip:   1.00 kB
ℹ ../node_modules/.cache/nuxt/.nuxt/dist/client/_nuxt/__Ejguyu.js                           1.92 kB │ gzip:   0.84 kB
ℹ ../node_modules/.cache/nuxt/.nuxt/dist/client/_nuxt/CrCyXNT6.js                           1.92 kB │ gzip:   0.94 kB
ℹ ../node_modules/.cache/nuxt/.nuxt/dist/client/_nuxt/B3DY7u90.js                           1.92 kB │ gzip:   0.89 kB
ℹ ../node_modules/.cache/nuxt/.nuxt/dist/client/_nuxt/DFEGcIvQ.js                           1.93 kB │ gzip:   1.08 kB
ℹ ../node_modules/.cache/nuxt/.nuxt/dist/client/_nuxt/cHZYbhAX.js                           1.95 kB │ gzip:   0.85 kB
ℹ ../node_modules/.cache/nuxt/.nuxt/dist/client/_nuxt/wO9eQJlz.js                           1.95 kB │ gzip:   0.87 kB
ℹ ../node_modules/.cache/nuxt/.nuxt/dist/client/_nuxt/DftVqzGR.js                           2.05 kB │ gzip:   0.91 kB
ℹ ../node_modules/.cache/nuxt/.nuxt/dist/client/_nuxt/BegCbEqs.js                           2.07 kB │ gzip:   0.97 kB
ℹ ../node_modules/.cache/nuxt/.nuxt/dist/client/_nuxt/BkXZBB0O.js                           2.11 kB │ gzip:   1.17 kB
ℹ ../node_modules/.cache/nuxt/.nuxt/dist/client/_nuxt/Bec7gcFC.js                           2.12 kB │ gzip:   0.88 kB
ℹ ../node_modules/.cache/nuxt/.nuxt/dist/client/_nuxt/bzlxbppO.js                           2.15 kB │ gzip:   0.85 kB
ℹ ../node_modules/.cache/nuxt/.nuxt/dist/client/_nuxt/BHwcvFlR.js                           2.16 kB │ gzip:   0.89 kB
ℹ ../node_modules/.cache/nuxt/.nuxt/dist/client/_nuxt/C5Lf__l6.js                           2.17 kB │ gzip:   0.85 kB
ℹ ../node_modules/.cache/nuxt/.nuxt/dist/client/_nuxt/Cc9Dpp_u.js                           2.17 kB │ gzip:   1.09 kB
ℹ ../node_modules/.cache/nuxt/.nuxt/dist/client/_nuxt/DOY1M6DW.js                           2.20 kB │ gzip:   1.03 kB
ℹ ../node_modules/.cache/nuxt/.nuxt/dist/client/_nuxt/L9VjYRi3.js                           2.25 kB │ gzip:   1.21 kB
ℹ ../node_modules/.cache/nuxt/.nuxt/dist/client/_nuxt/nPdAnAy5.js                           2.26 kB │ gzip:   1.04 kB
ℹ ../node_modules/.cache/nuxt/.nuxt/dist/client/_nuxt/DSwiljeP.js                           2.27 kB │ gzip:   1.07 kB
ℹ ../node_modules/.cache/nuxt/.nuxt/dist/client/_nuxt/C1dGJ9MT.js                           2.29 kB │ gzip:   0.88 kB
ℹ ../node_modules/.cache/nuxt/.nuxt/dist/client/_nuxt/DaQzQ0aY.js                           2.30 kB │ gzip:   0.91 kB
ℹ ../node_modules/.cache/nuxt/.nuxt/dist/client/_nuxt/Dy7FiI0H.js                           2.32 kB │ gzip:   0.89 kB
ℹ ../node_modules/.cache/nuxt/.nuxt/dist/client/_nuxt/Bgnfol8c.js                           2.36 kB │ gzip:   1.01 kB
ℹ ../node_modules/.cache/nuxt/.nuxt/dist/client/_nuxt/BYG17RPX.js                           2.42 kB │ gzip:   0.93 kB
ℹ ../node_modules/.cache/nuxt/.nuxt/dist/client/_nuxt/pHJeTa9U.js                           2.44 kB │ gzip:   1.20 kB
ℹ ../node_modules/.cache/nuxt/.nuxt/dist/client/_nuxt/DHtVc1TU.js                           2.44 kB │ gzip:   1.12 kB
ℹ ../node_modules/.cache/nuxt/.nuxt/dist/client/_nuxt/CzMpLqIz.js                           2.45 kB │ gzip:   1.13 kB
ℹ ../node_modules/.cache/nuxt/.nuxt/dist/client/_nuxt/COa8g9Ym.js                           2.51 kB │ gzip:   1.08 kB
ℹ ../node_modules/.cache/nuxt/.nuxt/dist/client/_nuxt/BzQoAKrB.js                           2.54 kB │ gzip:   1.09 kB
ℹ ../node_modules/.cache/nuxt/.nuxt/dist/client/_nuxt/DyoWQPJn.js                           2.59 kB │ gzip:   1.45 kB
ℹ ../node_modules/.cache/nuxt/.nuxt/dist/client/_nuxt/DYL7WQTG.js                           2.65 kB │ gzip:   1.09 kB
ℹ ../node_modules/.cache/nuxt/.nuxt/dist/client/_nuxt/ipSPE0_k.js                           2.65 kB │ gzip:   0.84 kB
ℹ ../node_modules/.cache/nuxt/.nuxt/dist/client/_nuxt/Dz29oBTn.js                           2.66 kB │ gzip:   0.93 kB
ℹ ../node_modules/.cache/nuxt/.nuxt/dist/client/_nuxt/DBQGG3EM.js                           2.68 kB │ gzip:   1.01 kB
ℹ ../node_modules/.cache/nuxt/.nuxt/dist/client/_nuxt/4EDJhJTX.js                           2.70 kB │ gzip:   1.16 kB
ℹ ../node_modules/.cache/nuxt/.nuxt/dist/client/_nuxt/BTTBfT14.js                           2.73 kB │ gzip:   0.97 kB
ℹ ../node_modules/.cache/nuxt/.nuxt/dist/client/_nuxt/DPHv39er.js                           2.78 kB │ gzip:   1.56 kB
ℹ ../node_modules/.cache/nuxt/.nuxt/dist/client/_nuxt/BbwlC_U1.js                           2.82 kB │ gzip:   0.88 kB
ℹ ../node_modules/.cache/nuxt/.nuxt/dist/client/_nuxt/CAdgbPBE.js                           2.82 kB │ gzip:   1.03 kB
ℹ ../node_modules/.cache/nuxt/.nuxt/dist/client/_nuxt/dcXJ5I8d.js                           2.83 kB │ gzip:   1.08 kB
ℹ ../node_modules/.cache/nuxt/.nuxt/dist/client/_nuxt/CQevP9Wk.js                           2.86 kB │ gzip:   1.60 kB
ℹ ../node_modules/.cache/nuxt/.nuxt/dist/client/_nuxt/Bv4vYp8T.js                           2.87 kB │ gzip:   1.59 kB
ℹ ../node_modules/.cache/nuxt/.nuxt/dist/client/_nuxt/D8Ib8aJm.js                           2.87 kB │ gzip:   1.59 kB
ℹ ../node_modules/.cache/nuxt/.nuxt/dist/client/_nuxt/BMclAh06.js                           2.88 kB │ gzip:   1.61 kB
ℹ ../node_modules/.cache/nuxt/.nuxt/dist/client/_nuxt/Bp-kLIom.js                           2.89 kB │ gzip:   1.64 kB
ℹ ../node_modules/.cache/nuxt/.nuxt/dist/client/_nuxt/B1G_W2XL.js                           2.91 kB │ gzip:   0.94 kB
ℹ ../node_modules/.cache/nuxt/.nuxt/dist/client/_nuxt/xhPUVk3p.js                           2.92 kB │ gzip:   1.08 kB
ℹ ../node_modules/.cache/nuxt/.nuxt/dist/client/_nuxt/-a2jUIz5.js                           2.94 kB │ gzip:   1.17 kB
ℹ ../node_modules/.cache/nuxt/.nuxt/dist/client/_nuxt/DZ9lEytc.js                           2.95 kB │ gzip:   0.91 kB
ℹ ../node_modules/.cache/nuxt/.nuxt/dist/client/_nuxt/wqVuxELg.js                           2.95 kB │ gzip:   0.90 kB
ℹ ../node_modules/.cache/nuxt/.nuxt/dist/client/_nuxt/BkgEWijZ.js                           2.97 kB │ gzip:   1.12 kB
ℹ ../node_modules/.cache/nuxt/.nuxt/dist/client/_nuxt/B7JvrLa_.js                           2.99 kB │ gzip:   1.61 kB
ℹ ../node_modules/.cache/nuxt/.nuxt/dist/client/_nuxt/I_V70HL4.js                           3.03 kB │ gzip:   1.67 kB
ℹ ../node_modules/.cache/nuxt/.nuxt/dist/client/_nuxt/DT88drBX.js                           3.05 kB │ gzip:   1.63 kB
ℹ ../node_modules/.cache/nuxt/.nuxt/dist/client/_nuxt/FVT1CI_8.js                           3.06 kB │ gzip:   1.69 kB
ℹ ../node_modules/.cache/nuxt/.nuxt/dist/client/_nuxt/CFj8Ydcv.js                           3.07 kB │ gzip:   0.96 kB
ℹ ../node_modules/.cache/nuxt/.nuxt/dist/client/_nuxt/C-8oghxK.js                           3.08 kB │ gzip:   1.10 kB
ℹ ../node_modules/.cache/nuxt/.nuxt/dist/client/_nuxt/V9wJy-41.js                           3.08 kB │ gzip:   1.04 kB
ℹ ../node_modules/.cache/nuxt/.nuxt/dist/client/_nuxt/B_UZ-94-.js                           3.09 kB │ gzip:   0.95 kB
ℹ ../node_modules/.cache/nuxt/.nuxt/dist/client/_nuxt/BEDQ1feJ.js                           3.20 kB │ gzip:   1.01 kB
ℹ ../node_modules/.cache/nuxt/.nuxt/dist/client/_nuxt/oYE1ojsg.js                           3.21 kB │ gzip:   1.70 kB
ℹ ../node_modules/.cache/nuxt/.nuxt/dist/client/_nuxt/CmDwR8Yl.js                           3.25 kB │ gzip:   0.92 kB
ℹ ../node_modules/.cache/nuxt/.nuxt/dist/client/_nuxt/DLIGbvSR.js                           3.25 kB │ gzip:   1.26 kB
ℹ ../node_modules/.cache/nuxt/.nuxt/dist/client/_nuxt/Bg0d-rEd.js                           3.40 kB │ gzip:   1.45 kB
ℹ ../node_modules/.cache/nuxt/.nuxt/dist/client/_nuxt/BrOl-tcQ.js                           3.47 kB │ gzip:   1.55 kB
ℹ ../node_modules/.cache/nuxt/.nuxt/dist/client/_nuxt/pvgsY8Hd.js                           3.48 kB │ gzip:   1.54 kB
ℹ ../node_modules/.cache/nuxt/.nuxt/dist/client/_nuxt/D0wzSgRn.js                           3.54 kB │ gzip:   1.34 kB
ℹ ../node_modules/.cache/nuxt/.nuxt/dist/client/_nuxt/CSCliuip.js                           3.66 kB │ gzip:   1.01 kB
ℹ ../node_modules/.cache/nuxt/.nuxt/dist/client/_nuxt/Bq9QbsgB.js                           3.79 kB │ gzip:   1.71 kB
ℹ ../node_modules/.cache/nuxt/.nuxt/dist/client/_nuxt/D-mX4i1b.js                           3.80 kB │ gzip:   2.11 kB
ℹ ../node_modules/.cache/nuxt/.nuxt/dist/client/_nuxt/B5EWIw7c.js                           3.80 kB │ gzip:   1.07 kB
ℹ ../node_modules/.cache/nuxt/.nuxt/dist/client/_nuxt/Xokc9wN6.js                           3.81 kB │ gzip:   1.63 kB
ℹ ../node_modules/.cache/nuxt/.nuxt/dist/client/_nuxt/Da1HNYRs.js                           3.87 kB │ gzip:   1.05 kB
ℹ ../node_modules/.cache/nuxt/.nuxt/dist/client/_nuxt/DZNI9kLa.js                           3.95 kB │ gzip:   1.02 kB
ℹ ../node_modules/.cache/nuxt/.nuxt/dist/client/_nuxt/CrjwDNEU.js                           4.00 kB │ gzip:   0.88 kB
ℹ ../node_modules/.cache/nuxt/.nuxt/dist/client/_nuxt/D490dykz.js                           4.02 kB │ gzip:   2.17 kB
ℹ ../node_modules/.cache/nuxt/.nuxt/dist/client/_nuxt/CIl9EOTQ.js                           4.03 kB │ gzip:   2.18 kB
ℹ ../node_modules/.cache/nuxt/.nuxt/dist/client/_nuxt/CYums_Cg.js                           4.10 kB │ gzip:   1.02 kB
ℹ ../node_modules/.cache/nuxt/.nuxt/dist/client/_nuxt/CVugChBp.js                           4.12 kB │ gzip:   1.86 kB
ℹ ../node_modules/.cache/nuxt/.nuxt/dist/client/_nuxt/CXHXXFjZ.js                           4.17 kB │ gzip:   1.31 kB
ℹ ../node_modules/.cache/nuxt/.nuxt/dist/client/_nuxt/BEDy_5FS.js                           4.23 kB │ gzip:   1.66 kB
ℹ ../node_modules/.cache/nuxt/.nuxt/dist/client/_nuxt/2nHucRj3.js                           4.31 kB │ gzip:   2.25 kB
ℹ ../node_modules/.cache/nuxt/.nuxt/dist/client/_nuxt/0SFZRvCZ.js                           4.34 kB │ gzip:   1.23 kB
ℹ ../node_modules/.cache/nuxt/.nuxt/dist/client/_nuxt/DYtW5zw0.js                           4.39 kB │ gzip:   2.32 kB
ℹ ../node_modules/.cache/nuxt/.nuxt/dist/client/_nuxt/DNdJVdsi.js                           4.42 kB │ gzip:   1.98 kB
ℹ ../node_modules/.cache/nuxt/.nuxt/dist/client/_nuxt/C6t7i09q.js                           4.45 kB │ gzip:   1.82 kB
ℹ ../node_modules/.cache/nuxt/.nuxt/dist/client/_nuxt/DI31pggk.js                           4.55 kB │ gzip:   1.34 kB
ℹ ../node_modules/.cache/nuxt/.nuxt/dist/client/_nuxt/4asPWslP.js                           4.68 kB │ gzip:   2.48 kB
ℹ ../node_modules/.cache/nuxt/.nuxt/dist/client/_nuxt/CpXArc-l.js                           4.71 kB │ gzip:   2.42 kB
ℹ ../node_modules/.cache/nuxt/.nuxt/dist/client/_nuxt/FNypkyl5.js                           4.92 kB │ gzip:   1.33 kB
ℹ ../node_modules/.cache/nuxt/.nuxt/dist/client/_nuxt/DV3nqj1I.js                           5.13 kB │ gzip:   2.73 kB
ℹ ../node_modules/.cache/nuxt/.nuxt/dist/client/_nuxt/BX2HBW8h.js                           5.14 kB │ gzip:   2.01 kB
ℹ ../node_modules/.cache/nuxt/.nuxt/dist/client/_nuxt/DCXNO2Ze.js                           5.19 kB │ gzip:   2.57 kB
ℹ ../node_modules/.cache/nuxt/.nuxt/dist/client/_nuxt/BoTG8RuW.js                           5.40 kB │ gzip:   1.01 kB
ℹ ../node_modules/.cache/nuxt/.nuxt/dist/client/_nuxt/B_tooTKf.js                           5.67 kB │ gzip:   2.89 kB
ℹ ../node_modules/.cache/nuxt/.nuxt/dist/client/_nuxt/CBOoq-zZ.js                           5.73 kB │ gzip:   2.18 kB
ℹ ../node_modules/.cache/nuxt/.nuxt/dist/client/_nuxt/DDtuJdA8.js                           5.79 kB │ gzip:   2.99 kB
ℹ ../node_modules/.cache/nuxt/.nuxt/dist/client/_nuxt/B7YEXFFx.js                           5.92 kB │ gzip:   3.10 kB
ℹ ../node_modules/.cache/nuxt/.nuxt/dist/client/_nuxt/4XtLDxgf.js                           6.18 kB │ gzip:   3.22 kB
ℹ ../node_modules/.cache/nuxt/.nuxt/dist/client/_nuxt/C-Z9Ca_Q.js                           6.19 kB │ gzip:   2.48 kB
ℹ ../node_modules/.cache/nuxt/.nuxt/dist/client/_nuxt/BP0CNaDx.js                           6.93 kB │ gzip:   2.64 kB
ℹ ../node_modules/.cache/nuxt/.nuxt/dist/client/_nuxt/CUW4di2S.js                           6.97 kB │ gzip:   1.35 kB
ℹ ../node_modules/.cache/nuxt/.nuxt/dist/client/_nuxt/DXQRuxyg.js                           7.33 kB │ gzip:   1.48 kB
ℹ ../node_modules/.cache/nuxt/.nuxt/dist/client/_nuxt/DFCC8ylw.js                           7.41 kB │ gzip:   1.48 kB
ℹ ../node_modules/.cache/nuxt/.nuxt/dist/client/_nuxt/Csp8mb8u.js                           7.45 kB │ gzip:   2.81 kB
ℹ ../node_modules/.cache/nuxt/.nuxt/dist/client/_nuxt/BjVc7FGi.js                           7.71 kB │ gzip:   3.33 kB
ℹ ../node_modules/.cache/nuxt/.nuxt/dist/client/_nuxt/CvvRflv-.js                           7.87 kB │ gzip:   2.14 kB
ℹ ../node_modules/.cache/nuxt/.nuxt/dist/client/_nuxt/C3ZF_BFk.js                           8.95 kB │ gzip:   3.69 kB
ℹ ../node_modules/.cache/nuxt/.nuxt/dist/client/_nuxt/DrjJr8bs.js                          11.69 kB │ gzip:   2.70 kB
ℹ ../node_modules/.cache/nuxt/.nuxt/dist/client/_nuxt/O8g49FSc.js                          11.94 kB │ gzip:   4.19 kB
ℹ ../node_modules/.cache/nuxt/.nuxt/dist/client/_nuxt/DB5VBlOk.js                          22.66 kB │ gzip:   7.85 kB
ℹ ../node_modules/.cache/nuxt/.nuxt/dist/client/_nuxt/B7lWFmHw.js                          22.73 kB │ gzip:   6.84 kB
ℹ ../node_modules/.cache/nuxt/.nuxt/dist/client/_nuxt/bAS0aZ7E.js                          24.72 kB │ gzip:   8.42 kB
ℹ ../node_modules/.cache/nuxt/.nuxt/dist/client/_nuxt/B1d-xHHK.js                          25.91 kB │ gzip:   7.56 kB
ℹ ../node_modules/.cache/nuxt/.nuxt/dist/client/_nuxt/PhMYnqyG.js                          29.30 kB │ gzip:   9.61 kB
ℹ ../node_modules/.cache/nuxt/.nuxt/dist/client/_nuxt/r9OwYFIS.js                          29.73 kB │ gzip:   7.71 kB
ℹ ../node_modules/.cache/nuxt/.nuxt/dist/client/_nuxt/DjuNnPiB.js                          63.22 kB │ gzip:  18.48 kB
ℹ ../node_modules/.cache/nuxt/.nuxt/dist/client/_nuxt/BS0s34yQ.js                         173.09 kB │ gzip:  42.64 kB
ℹ ../node_modules/.cache/nuxt/.nuxt/dist/client/_nuxt/C78XH_kF.js                         254.14 kB │ gzip:  90.47 kB
ℹ ../node_modules/.cache/nuxt/.nuxt/dist/client/_nuxt/CUKRpYpE.js                         256.71 kB │ gzip:  68.92 kB
ℹ ../node_modules/.cache/nuxt/.nuxt/dist/client/_nuxt/CQUeNVuJ.js                         431.76 kB │ gzip: 139.91 kB
ℹ ../node_modules/.cache/nuxt/.nuxt/dist/client/_nuxt/DF21rJNP.js                         461.24 kB │ gzip:  93.56 kB
ℹ ✓ built in 5.86s
✔ Client built in 5865ms
ℹ Building server...
ℹ vite v7.0.5 building SSR bundle for production...
ℹ transforming...

 WARN  [plugin commonjs--resolver] It appears a plugin has implemented a "resolveId" hook that uses "this.resolve" without forwarding the third "options" parameter of "resolveId". This is problematic as it can lead to wrong module resolutions especially for the node-resolve plugin and in certain cases cause early exit errors for the commonjs plugin.
In rare cases, this warning can appear if the same file is both imported and required from the same mixed ES/CommonJS module, in which case it can be ignored.


 WARN  [plugin commonjs--resolver] It appears a plugin has implemented a "resolveId" hook that uses "this.resolve" without forwarding the third "options" parameter of "resolveId". This is problematic as it can lead to wrong module resolutions especially for the node-resolve plugin and in certain cases cause early exit errors for the commonjs plugin.
In rare cases, this warning can appear if the same file is both imported and required from the same mixed ES/CommonJS module, in which case it can be ignored. (x2)

ℹ ✓ 2242 modules transformed.
ℹ rendering chunks...

 WARN  [plugin @tailwindcss/vite:generate:build] Sourcemap is likely to be incorrect: a plugin (@tailwindcss/vite:generate:build) was used to transform files, but didn't generate a sourcemap for the transformation. Consult the plugin documentation for help


 WARN  [plugin @tailwindcss/vite:generate:build] Sourcemap is likely to be incorrect: a plugin (@tailwindcss/vite:generate:build) was used to transform files, but didn't generate a sourcemap for the transformation. Consult the plugin documentation for help (x2)


 WARN  [plugin @tailwindcss/vite:generate:build] Sourcemap is likely to be incorrect: a plugin (@tailwindcss/vite:generate:build) was used to transform files, but didn't generate a sourcemap for the transformation. Consult the plugin documentation for help (x3)


 WARN  [plugin @tailwindcss/vite:generate:build] Sourcemap is likely to be incorrect: a plugin (@tailwindcss/vite:generate:build) was used to transform files, but didn't generate a sourcemap for the transformation. Consult the plugin documentation for help (x4)

ℹ ✓ built in 5.08s
✔ Server built in 5099ms
[nitro] ✔ Generated public .output/public
[nitro] ℹ Building Nuxt Nitro server (preset: node-server, compatibility date: 2025-07-15)
[nitro] ✔ Nuxt Nitro server built
  ├─ .output/server/chunks/_/en.mjs (2.39 kB) (934 B gzip)
  ├─ .output/server/chunks/_/en.mjs.map (202 B) (98 B gzip)
  ├─ .output/server/chunks/_/error-500.mjs (5.07 kB) (2.06 kB gzip)
  ├─ .output/server/chunks/_/error-500.mjs.map (343 B) (263 B gzip)
  ├─ .output/server/chunks/_/ru.mjs (3.31 kB) (1.37 kB gzip)
  ├─ .output/server/chunks/_/ru.mjs.map (202 B) (98 B gzip)
  ├─ .output/server/chunks/build/_slug_-Bmq6a7vO.mjs (719 B) (410 B gzip)
  ├─ .output/server/chunks/build/_slug_-Bmq6a7vO.mjs.map (123 B) (111 B gzip)
  ├─ .output/server/chunks/build/_slug_-Ch0y1LuU.mjs (725 B) (411 B gzip)
  ├─ .output/server/chunks/build/_slug_-Ch0y1LuU.mjs.map (123 B) (111 B gzip)
  ├─ .output/server/chunks/build/_slug_-D0NBd3uY.mjs (13.2 kB) (4.36 kB gzip)
  ├─ .output/server/chunks/build/_slug_-D0NBd3uY.mjs.map (605 B) (313 B gzip)
  ├─ .output/server/chunks/build/_slug_-DNk9g8PE.mjs (20.7 kB) (5.21 kB gzip)
  ├─ .output/server/chunks/build/_slug_-DNk9g8PE.mjs.map (6.81 kB) (1.65 kB gzip)
  ├─ .output/server/chunks/build/_slug_-TNsdlvrO.mjs (10.9 kB) (3.23 kB gzip)
  ├─ .output/server/chunks/build/_slug_-TNsdlvrO.mjs.map (6.76 kB) (1.29 kB gzip)
  ├─ .output/server/chunks/build/_slugArticle_-CCcOuBDg.mjs (1.09 kB) (536 B gzip)
  ├─ .output/server/chunks/build/_slugArticle_-CCcOuBDg.mjs.map (344 B) (219 B gzip)
  ├─ .output/server/chunks/build/12-dots-scale-rotate-DjGKPuEh.mjs (4.61 kB) (1.34 kB gzip)
  ├─ .output/server/chunks/build/12-dots-scale-rotate-DjGKPuEh.mjs.map (357 B) (270 B gzip)
  ├─ .output/server/chunks/build/180-ring-BPM6FVud.mjs (2.19 kB) (1.09 kB gzip)
  ├─ .output/server/chunks/build/180-ring-BPM6FVud.mjs.map (333 B) (261 B gzip)
  ├─ .output/server/chunks/build/180-ring-with-bg-B-pYxIwe.mjs (2.36 kB) (1.16 kB gzip)
  ├─ .output/server/chunks/build/180-ring-with-bg-B-pYxIwe.mjs.map (349 B) (266 B gzip)
  ├─ .output/server/chunks/build/270-ring-CnpqN-sm.mjs (2.24 kB) (1.12 kB gzip)
  ├─ .output/server/chunks/build/270-ring-CnpqN-sm.mjs.map (333 B) (258 B gzip)
  ├─ .output/server/chunks/build/270-ring-with-bg-C52hzI7v.mjs (2.41 kB) (1.2 kB gzip)
  ├─ .output/server/chunks/build/270-ring-with-bg-C52hzI7v.mjs.map (349 B) (266 B gzip)
  ├─ .output/server/chunks/build/3-dots-bounce-DewU5vh4.mjs (2.46 kB) (1.1 kB gzip)
  ├─ .output/server/chunks/build/3-dots-bounce-DewU5vh4.mjs.map (343 B) (262 B gzip)
  ├─ .output/server/chunks/build/3-dots-fade-Db1zDT3Z.mjs (2.37 kB) (1.08 kB gzip)
  ├─ .output/server/chunks/build/3-dots-fade-Db1zDT3Z.mjs.map (339 B) (262 B gzip)
  ├─ .output/server/chunks/build/3-dots-move-CMw52M9I.mjs (4.88 kB) (1.27 kB gzip)
  ├─ .output/server/chunks/build/3-dots-move-CMw52M9I.mjs.map (339 B) (262 B gzip)
  ├─ .output/server/chunks/build/3-dots-rotate-C3V7z2NT.mjs (2.34 kB) (1.08 kB gzip)
  ├─ .output/server/chunks/build/3-dots-rotate-C3V7z2NT.mjs.map (343 B) (264 B gzip)
  ├─ .output/server/chunks/build/3-dots-scale-CKNjCZWJ.mjs (2.27 kB) (1.06 kB gzip)
  ├─ .output/server/chunks/build/3-dots-scale-CKNjCZWJ.mjs.map (341 B) (264 B gzip)
  ├─ .output/server/chunks/build/3-dots-scale-middle-mroZ9J-5.mjs (2.25 kB) (1.04 kB gzip)
  ├─ .output/server/chunks/build/3-dots-scale-middle-mroZ9J-5.mjs.map (355 B) (267 B gzip)
  ├─ .output/server/chunks/build/4-dots-goeey-DfdSXlA1.mjs (2.76 kB) (1.21 kB gzip)
  ├─ .output/server/chunks/build/4-dots-goeey-DfdSXlA1.mjs.map (341 B) (263 B gzip)
  ├─ .output/server/chunks/build/4-dots-rotate-J73LYQxj.mjs (2.35 kB) (1.06 kB gzip)
  ├─ .output/server/chunks/build/4-dots-rotate-J73LYQxj.mjs.map (343 B) (264 B gzip)
  ├─ .output/server/chunks/build/6-dots-rotate-D_u1MY_q.mjs (2.51 kB) (1.16 kB gzip)
  ├─ .output/server/chunks/build/6-dots-rotate-D_u1MY_q.mjs.map (343 B) (262 B gzip)
  ├─ .output/server/chunks/build/6-dots-scale-CKwDz84C.mjs (4.73 kB) (1.28 kB gzip)
  ├─ .output/server/chunks/build/6-dots-scale-CKwDz84C.mjs.map (341 B) (262 B gzip)
  ├─ .output/server/chunks/build/6-dots-scale-middle-DeZAGXwj.mjs (4.46 kB) (1.28 kB gzip)
  ├─ .output/server/chunks/build/6-dots-scale-middle-DeZAGXwj.mjs.map (355 B) (270 B gzip)
  ├─ .output/server/chunks/build/8-dots-rotate-CBYFvhht.mjs (2.31 kB) (1.07 kB gzip)
  ├─ .output/server/chunks/build/8-dots-rotate-CBYFvhht.mjs.map (343 B) (263 B gzip)
  ├─ .output/server/chunks/build/8-dots-rotate-scale-CaD0fuKr.mjs (2.1 kB) (1.03 kB gzip)
  ├─ .output/server/chunks/build/8-dots-rotate-scale-CaD0fuKr.mjs.map (355 B) (266 B gzip)
  ├─ .output/server/chunks/build/90-ring-C08r3ZhN.mjs (2.18 kB) (1.09 kB gzip)
  ├─ .output/server/chunks/build/90-ring-C08r3ZhN.mjs.map (331 B) (259 B gzip)
  ├─ .output/server/chunks/build/90-ring-with-bg-A1ybdm8V.mjs (2.35 kB) (1.16 kB gzip)
  ├─ .output/server/chunks/build/90-ring-with-bg-A1ybdm8V.mjs.map (347 B) (265 B gzip)
  ├─ .output/server/chunks/build/90-ring-with-gradient-C5xBmKAQ.mjs (2.46 kB) (1.13 kB gzip)
  ├─ .output/server/chunks/build/90-ring-with-gradient-C5xBmKAQ.mjs.map (359 B) (270 B gzip)
  ├─ .output/server/chunks/build/admin-DFSdhEw1.mjs (666 B) (303 B gzip)
  ├─ .output/server/chunks/build/admin-DFSdhEw1.mjs.map (207 B) (165 B gzip)
  ├─ .output/server/chunks/build/admin-DW9pQ3Js.mjs (64.1 kB) (11.6 kB gzip)
  ├─ .output/server/chunks/build/admin-DW9pQ3Js.mjs.map (1.15 kB) (566 B gzip)
  ├─ .output/server/chunks/build/AtomSpinner-Cy2l4Y2p.mjs (2.19 kB) (780 B gzip)
  ├─ .output/server/chunks/build/AtomSpinner-Cy2l4Y2p.mjs.map (340 B) (261 B gzip)
  ├─ .output/server/chunks/build/audio-B88arVQw.mjs (2.68 kB) (1.2 kB gzip)
  ├─ .output/server/chunks/build/audio-B88arVQw.mjs.map (327 B) (257 B gzip)
  ├─ .output/server/chunks/build/auth-DOvUzFnh.mjs (1.71 kB) (714 B gzip)
  ├─ .output/server/chunks/build/auth-DOvUzFnh.mjs.map (152 B) (109 B gzip)
  ├─ .output/server/chunks/build/Author-DBB4Lpkj.mjs (1.61 kB) (754 B gzip)
  ├─ .output/server/chunks/build/Author-DBB4Lpkj.mjs.map (492 B) (264 B gzip)
  ├─ .output/server/chunks/build/ball-triangle-CoyDATpr.mjs (2.83 kB) (1.17 kB gzip)
  ├─ .output/server/chunks/build/ball-triangle-CoyDATpr.mjs.map (343 B) (262 B gzip)
  ├─ .output/server/chunks/build/bars-DQ1pJBsH.mjs (3.58 kB) (1.13 kB gzip)
  ├─ .output/server/chunks/build/bars-DQ1pJBsH.mjs.map (325 B) (257 B gzip)
  ├─ .output/server/chunks/build/bars-fade-B4FP6gup.mjs (2.39 kB) (1.09 kB gzip)
  ├─ .output/server/chunks/build/bars-fade-B4FP6gup.mjs.map (335 B) (260 B gzip)
  ├─ .output/server/chunks/build/bars-rotate-fade-BHuf9pqZ.mjs (2.71 kB) (1.15 kB gzip)
  ├─ .output/server/chunks/build/bars-rotate-fade-BHuf9pqZ.mjs.map (349 B) (265 B gzip)
  ├─ .output/server/chunks/build/bars-scale-BX1eEDYK.mjs (3.72 kB) (1.16 kB gzip)
  ├─ .output/server/chunks/build/bars-scale-BX1eEDYK.mjs.map (337 B) (262 B gzip)
  ├─ .output/server/chunks/build/bars-scale-fade-B6t4mfLR.mjs (3.08 kB) (1.14 kB gzip)
  ├─ .output/server/chunks/build/bars-scale-fade-B6t4mfLR.mjs.map (347 B) (263 B gzip)
  ├─ .output/server/chunks/build/bars-scale-middle-Ctw635p6.mjs (3.74 kB) (1.16 kB gzip)
  ├─ .output/server/chunks/build/bars-scale-middle-Ctw635p6.mjs.map (351 B) (264 B gzip)
  ├─ .output/server/chunks/build/blocks-scale-D7lLQIVN.mjs (4.02 kB) (1.17 kB gzip)
  ├─ .output/server/chunks/build/blocks-scale-D7lLQIVN.mjs.map (341 B) (266 B gzip)
  ├─ .output/server/chunks/build/blocks-shuffle-2-D6b8TWwD.mjs (2.91 kB) (1.14 kB gzip)
  ├─ .output/server/chunks/build/blocks-shuffle-2-D6b8TWwD.mjs.map (349 B) (267 B gzip)
  ├─ .output/server/chunks/build/blocks-shuffle-3-ci-SmYYG.mjs (3.44 kB) (1.19 kB gzip)
  ├─ .output/server/chunks/build/blocks-shuffle-3-ci-SmYYG.mjs.map (349 B) (267 B gzip)
  ├─ .output/server/chunks/build/blocks-shuffle-4-BrzKHqt9.mjs (2.92 kB) (1.14 kB gzip)
  ├─ .output/server/chunks/build/blocks-shuffle-4-BrzKHqt9.mjs.map (349 B) (266 B gzip)
  ├─ .output/server/chunks/build/blocks-shuffle-5-BCcixOsW.mjs (2.76 kB) (1.13 kB gzip)
  ├─ .output/server/chunks/build/blocks-shuffle-5-BCcixOsW.mjs.map (349 B) (266 B gzip)
  ├─ .output/server/chunks/build/blocks-wave-BD9a2Qk8.mjs (6.17 kB) (1.26 kB gzip)
  ├─ .output/server/chunks/build/blocks-wave-BD9a2Qk8.mjs.map (339 B) (262 B gzip)
  ├─ .output/server/chunks/build/bouncing-ball-Chse3FQo.mjs (2.66 kB) (1.15 kB gzip)
  ├─ .output/server/chunks/build/bouncing-ball-Chse3FQo.mjs.map (343 B) (262 B gzip)
  ├─ .output/server/chunks/build/BreedingRhombusSpinner-Bi74ZM5O.mjs (2.98 kB) (1.02 kB gzip)
  ├─ .output/server/chunks/build/BreedingRhombusSpinner-Bi74ZM5O.mjs.map (379 B) (279 B gzip)
  ├─ .output/server/chunks/build/Burger-C0uwUCde.mjs (3.95 kB) (1.47 kB gzip)
  ├─ .output/server/chunks/build/Burger-C0uwUCde.mjs.map (1.24 kB) (395 B gzip)
  ├─ .output/server/chunks/build/calendar-DH9ZzdeC.mjs (576 kB) (130 kB gzip)
  ├─ .output/server/chunks/build/calendar-DH9ZzdeC.mjs.map (25.9 kB) (4.57 kB gzip)
  ├─ .output/server/chunks/build/ChevronRightIcon-D4i5BBaC.mjs (641 B) (393 B gzip)
  ├─ .output/server/chunks/build/ChevronRightIcon-D4i5BBaC.mjs.map (340 B) (243 B gzip)
  ├─ .output/server/chunks/build/circle-fade-CYSgS4bW.mjs (4.08 kB) (1.62 kB gzip)
  ├─ .output/server/chunks/build/circle-fade-CYSgS4bW.mjs.map (339 B) (261 B gzip)
  ├─ .output/server/chunks/build/circles-C6Y4WFZN.mjs (3.62 kB) (1.43 kB gzip)
  ├─ .output/server/chunks/build/circles-C6Y4WFZN.mjs.map (331 B) (259 B gzip)
  ├─ .output/server/chunks/build/CirclesToRhombusesSpinner-I4AObyex.mjs (2.49 kB) (936 B gzip)
  ├─ .output/server/chunks/build/CirclesToRhombusesSpinner-I4AObyex.mjs.map (383 B) (282 B gzip)
  ├─ .output/server/chunks/build/client.manifest.mjs (161 kB) (7.14 kB gzip)
  ├─ .output/server/chunks/build/client.manifest.mjs.map (204 B) (158 B gzip)
  ├─ .output/server/chunks/build/clock-BmxhAtYr.mjs (2.3 kB) (1.1 kB gzip)
  ├─ .output/server/chunks/build/clock-BmxhAtYr.mjs.map (327 B) (256 B gzip)
  ├─ .output/server/chunks/build/cog01-CaNAcRRI.mjs (4.68 kB) (2.29 kB gzip)
  ├─ .output/server/chunks/build/cog01-CaNAcRRI.mjs.map (327 B) (258 B gzip)
  ├─ .output/server/chunks/build/cog02-DkiUObfT.mjs (4.81 kB) (2.36 kB gzip)
  ├─ .output/server/chunks/build/cog02-DkiUObfT.mjs.map (327 B) (258 B gzip)
  ├─ .output/server/chunks/build/cog03-C-hft3VC.mjs (5.1 kB) (2.52 kB gzip)
  ├─ .output/server/chunks/build/cog03-C-hft3VC.mjs.map (327 B) (256 B gzip)
  ├─ .output/server/chunks/build/cog04-Bhj6on4Y.mjs (6.18 kB) (3.02 kB gzip)
  ├─ .output/server/chunks/build/cog04-Bhj6on4Y.mjs.map (327 B) (256 B gzip)
  ├─ .output/server/chunks/build/cog05-BRFWW_5G.mjs (5.52 kB) (2.77 kB gzip)
  ├─ .output/server/chunks/build/cog05-BRFWW_5G.mjs.map (327 B) (260 B gzip)
  ├─ .output/server/chunks/build/cog06-D5oFmQ7R.mjs (5.57 kB) (2.6 kB gzip)
  ├─ .output/server/chunks/build/cog06-D5oFmQ7R.mjs.map (327 B) (258 B gzip)
  ├─ .output/server/chunks/build/cog07-C73GNwAa.mjs (4.23 kB) (2.15 kB gzip)
  ├─ .output/server/chunks/build/cog07-C73GNwAa.mjs.map (327 B) (258 B gzip)
  ├─ .output/server/chunks/build/cog08-BYftdAJ1.mjs (4.5 kB) (2.22 kB gzip)
  ├─ .output/server/chunks/build/cog08-BYftdAJ1.mjs.map (327 B) (257 B gzip)
  ├─ .output/server/chunks/build/cog09-DQcWl_Lp.mjs (4.51 kB) (2.23 kB gzip)
  ├─ .output/server/chunks/build/cog09-DQcWl_Lp.mjs.map (327 B) (257 B gzip)
  ├─ .output/server/chunks/build/cog10-C3ew-QfZ.mjs (3.37 kB) (1.66 kB gzip)
  ├─ .output/server/chunks/build/cog10-C3ew-QfZ.mjs.map (327 B) (257 B gzip)
  ├─ .output/server/chunks/build/cog11-DdtmPm5_.mjs (3.64 kB) (1.75 kB gzip)
  ├─ .output/server/chunks/build/cog11-DdtmPm5_.mjs.map (327 B) (256 B gzip)
  ├─ .output/server/chunks/build/cog12-DbsnafUg.mjs (3.43 kB) (1.68 kB gzip)
  ├─ .output/server/chunks/build/cog12-DbsnafUg.mjs.map (327 B) (255 B gzip)
  ├─ .output/server/chunks/build/cog13-L5H8dNQ8.mjs (3.26 kB) (1.68 kB gzip)
  ├─ .output/server/chunks/build/cog13-L5H8dNQ8.mjs.map (327 B) (258 B gzip)
  ├─ .output/server/chunks/build/cog14-iRE1ehh7.mjs (3.48 kB) (1.73 kB gzip)
  ├─ .output/server/chunks/build/cog14-iRE1ehh7.mjs.map (327 B) (256 B gzip)
  ├─ .output/server/chunks/build/cog15-DZieMp5T.mjs (3.23 kB) (1.64 kB gzip)
  ├─ .output/server/chunks/build/cog15-DZieMp5T.mjs.map (327 B) (257 B gzip)
  ├─ .output/server/chunks/build/cog16-iiLnBiyL.mjs (3.46 kB) (1.72 kB gzip)
  ├─ .output/server/chunks/build/cog16-iiLnBiyL.mjs.map (327 B) (255 B gzip)
  ├─ .output/server/chunks/build/cog17-C4LkVTSa.mjs (3.26 kB) (1.65 kB gzip)
  ├─ .output/server/chunks/build/cog17-C4LkVTSa.mjs.map (327 B) (258 B gzip)
  ├─ .output/server/chunks/build/cog18-7WS0eORA.mjs (3.16 kB) (1.6 kB gzip)
  ├─ .output/server/chunks/build/cog18-7WS0eORA.mjs.map (327 B) (259 B gzip)
  ├─ .output/server/chunks/build/cog19-DRsdS1TR.mjs (6.32 kB) (3.14 kB gzip)
  ├─ .output/server/chunks/build/cog19-DRsdS1TR.mjs.map (327 B) (257 B gzip)
  ├─ .output/server/chunks/build/cog20-DPg0s3D-.mjs (6.62 kB) (3.26 kB gzip)
  ├─ .output/server/chunks/build/cog20-DPg0s3D-.mjs.map (327 B) (256 B gzip)
  ├─ .output/server/chunks/build/cog21-BIzTJKHy.mjs (5.15 kB) (2.46 kB gzip)
  ├─ .output/server/chunks/build/cog21-BIzTJKHy.mjs.map (327 B) (259 B gzip)
  ├─ .output/server/chunks/build/cog22-C0nX6_K8.mjs (3.24 kB) (1.63 kB gzip)
  ├─ .output/server/chunks/build/cog22-C0nX6_K8.mjs.map (327 B) (256 B gzip)
  ├─ .output/server/chunks/build/cog23-BEL9PU11.mjs (3.24 kB) (1.63 kB gzip)
  ├─ .output/server/chunks/build/cog23-BEL9PU11.mjs.map (327 B) (258 B gzip)
  ├─ .output/server/chunks/build/cog24-1YRr4et-.mjs (2.98 kB) (1.49 kB gzip)
  ├─ .output/server/chunks/build/cog24-1YRr4et-.mjs.map (327 B) (256 B gzip)
  ├─ .output/server/chunks/build/components-showcase-D_sZMZd-.mjs (8.47 kB) (1.97 kB gzip)
  ├─ .output/server/chunks/build/components-showcase-D_sZMZd-.mjs.map (1.63 kB) (418 B gzip)
  ├─ .output/server/chunks/build/default-By9cPWFn.mjs (2.95 kB) (1.02 kB gzip)
  ├─ .output/server/chunks/build/default-By9cPWFn.mjs.map (561 B) (285 B gzip)
  ├─ .output/server/chunks/build/dot-revolve-C08G4fkR.mjs (2.22 kB) (1.1 kB gzip)
  ├─ .output/server/chunks/build/dot-revolve-C08G4fkR.mjs.map (339 B) (261 B gzip)
  ├─ .output/server/chunks/build/eclipse-FT4ZTTFr.mjs (2.13 kB) (1.07 kB gzip)
  ├─ .output/server/chunks/build/eclipse-FT4ZTTFr.mjs.map (331 B) (259 B gzip)
  ├─ .output/server/chunks/build/eclipse-half-C49kRGMC.mjs (2.15 kB) (1.09 kB gzip)
  ├─ .output/server/chunks/build/eclipse-half-C49kRGMC.mjs.map (341 B) (263 B gzip)
  ├─ .output/server/chunks/build/edit-BPiEkA_1.mjs (731 B) (415 B gzip)
  ├─ .output/server/chunks/build/edit-BPiEkA_1.mjs.map (121 B) (109 B gzip)
  ├─ .output/server/chunks/build/edit-fRO88fJD.mjs (725 B) (413 B gzip)
  ├─ .output/server/chunks/build/edit-fRO88fJD.mjs.map (121 B) (109 B gzip)
  ├─ .output/server/chunks/build/en-DVEPX5lA.mjs (7.09 kB) (1.01 kB gzip)
  ├─ .output/server/chunks/build/en-DVEPX5lA.mjs.map (203 B) (107 B gzip)
  ├─ .output/server/chunks/build/error-404-CkiOTmfx.mjs (5.84 kB) (2.38 kB gzip)
  ├─ .output/server/chunks/build/error-404-CkiOTmfx.mjs.map (388 B) (294 B gzip)
  ├─ .output/server/chunks/build/error-404-styles-1.mjs-DlZWLF2C.mjs (2.66 kB) (965 B gzip)
  ├─ .output/server/chunks/build/error-404-styles-1.mjs-DlZWLF2C.mjs.map (122 B) (124 B gzip)
  ├─ .output/server/chunks/build/error-404-styles.BagiWFKV.mjs (315 B) (205 B gzip)
  ├─ .output/server/chunks/build/error-404-styles.BagiWFKV.mjs.map (239 B) (179 B gzip)
  ├─ .output/server/chunks/build/error-404-styles.Cf9DIDe_.mjs (373 B) (206 B gzip)
  ├─ .output/server/chunks/build/error-404-styles.Cf9DIDe_.mjs.map (249 B) (183 B gzip)
  ├─ .output/server/chunks/build/error-500-BHJmmEWP.mjs (5.02 kB) (2.1 kB gzip)
  ├─ .output/server/chunks/build/error-500-BHJmmEWP.mjs.map (370 B) (285 B gzip)
  ├─ .output/server/chunks/build/error-500-styles-1.mjs-BDaxMWD-.mjs (2.13 kB) (838 B gzip)
  ├─ .output/server/chunks/build/error-500-styles-1.mjs-BDaxMWD-.mjs.map (122 B) (122 B gzip)
  ├─ .output/server/chunks/build/error-500-styles.3v2DH5h3.mjs (315 B) (205 B gzip)
  ├─ .output/server/chunks/build/error-500-styles.3v2DH5h3.mjs.map (239 B) (178 B gzip)
  ├─ .output/server/chunks/build/error-500-styles.BgxQqPq0.mjs (373 B) (207 B gzip)
  ├─ .output/server/chunks/build/error-500-styles.BgxQqPq0.mjs.map (249 B) (183 B gzip)
  ├─ .output/server/chunks/build/FingerprintSpinner-CoegHAj3.mjs (2.45 kB) (953 B gzip)
  ├─ .output/server/chunks/build/FingerprintSpinner-CoegHAj3.mjs.map (367 B) (273 B gzip)
  ├─ .output/server/chunks/build/fixwindow-WgdAEHn0.mjs (603 kB) (98.1 kB gzip)
  ├─ .output/server/chunks/build/fixwindow-WgdAEHn0.mjs.map (100 kB) (6.01 kB gzip)
  ├─ .output/server/chunks/build/FlowerSpinner-DxgoZPWa.mjs (6.46 kB) (1.17 kB gzip)
  ├─ .output/server/chunks/build/FlowerSpinner-DxgoZPWa.mjs.map (363 B) (278 B gzip)
  ├─ .output/server/chunks/build/fonts-showcase-D0XYNb61.mjs (13.6 kB) (2.48 kB gzip)
  ├─ .output/server/chunks/build/fonts-showcase-D0XYNb61.mjs.map (4.41 kB) (725 B gzip)
  ├─ .output/server/chunks/build/footer-CaH9K9Dj.mjs (33.2 kB) (8.53 kB gzip)
  ├─ .output/server/chunks/build/footer-CaH9K9Dj.mjs.map (11.4 kB) (2.45 kB gzip)
  ├─ .output/server/chunks/build/form-BlfvDBW8.mjs (96.7 kB) (19.1 kB gzip)
  ├─ .output/server/chunks/build/form-BlfvDBW8.mjs.map (1.7 kB) (520 B gzip)
  ├─ .output/server/chunks/build/FulfillingBouncingCircleSpinner--fDz1D8p.mjs (2.23 kB) (739 B gzip)
  ├─ .output/server/chunks/build/FulfillingBouncingCircleSpinner--fDz1D8p.mjs.map (380 B) (276 B gzip)
  ├─ .output/server/chunks/build/FulfillingSquareSpinner-BZ3ZJy9m.mjs (1.66 kB) (692 B gzip)
  ├─ .output/server/chunks/build/FulfillingSquareSpinner-BZ3ZJy9m.mjs.map (364 B) (273 B gzip)
  ├─ .output/server/chunks/build/functionHandler-Bw5RF5aD.mjs (445 B) (290 B gzip)
  ├─ .output/server/chunks/build/functionHandler-Bw5RF5aD.mjs.map (341 B) (261 B gzip)
  ├─ .output/server/chunks/build/gooey-balls-1-BGhzpgGW.mjs (2.85 kB) (1.23 kB gzip)
  ├─ .output/server/chunks/build/gooey-balls-1-BGhzpgGW.mjs.map (343 B) (264 B gzip)
  ├─ .output/server/chunks/build/gooey-balls-2-B6z8uzff.mjs (2.67 kB) (1.25 kB gzip)
  ├─ .output/server/chunks/build/gooey-balls-2-B6z8uzff.mjs.map (343 B) (261 B gzip)
  ├─ .output/server/chunks/build/grid-Buh0ZUwO.mjs (3.41 kB) (1.09 kB gzip)
  ├─ .output/server/chunks/build/grid-Buh0ZUwO.mjs.map (325 B) (257 B gzip)
  ├─ .output/server/chunks/build/HalfCircleSpinner-5ppkOYlZ.mjs (1.94 kB) (745 B gzip)
  ├─ .output/server/chunks/build/HalfCircleSpinner-5ppkOYlZ.mjs.map (352 B) (269 B gzip)
  ├─ .output/server/chunks/build/hearts-Ch7plBst.mjs (2.87 kB) (1.42 kB gzip)
  ├─ .output/server/chunks/build/hearts-Ch7plBst.mjs.map (329 B) (255 B gzip)
  ├─ .output/server/chunks/build/HollowDotsSpinner-Ck22JQsm.mjs (4.16 kB) (1.5 kB gzip)
  ├─ .output/server/chunks/build/HollowDotsSpinner-Ck22JQsm.mjs.map (372 B) (279 B gzip)
  ├─ .output/server/chunks/build/horizontal-bar-Cg981nuk.mjs (2.74 kB) (1.13 kB gzip)
  ├─ .output/server/chunks/build/horizontal-bar-Cg981nuk.mjs.map (345 B) (261 B gzip)
  ├─ .output/server/chunks/build/index-9HYliz0K.mjs (8.28 kB) (2.71 kB gzip)
  ├─ .output/server/chunks/build/index-9HYliz0K.mjs.map (6.59 kB) (1.05 kB gzip)
  ├─ .output/server/chunks/build/index-B6cInX9t.mjs (51.3 kB) (9.41 kB gzip)
  ├─ .output/server/chunks/build/index-B6cInX9t.mjs.map (26.7 kB) (3.32 kB gzip)
  ├─ .output/server/chunks/build/index-B8Fstxxl.mjs (1.21 kB) (541 B gzip)
  ├─ .output/server/chunks/build/index-B8Fstxxl.mjs.map (339 B) (208 B gzip)
  ├─ .output/server/chunks/build/index-BdoV8z1p.mjs (21.3 kB) (5.67 kB gzip)
  ├─ .output/server/chunks/build/index-BdoV8z1p.mjs.map (218 B) (170 B gzip)
  ├─ .output/server/chunks/build/index-BDrdr0c0.mjs (8.47 kB) (2.44 kB gzip)
  ├─ .output/server/chunks/build/index-BDrdr0c0.mjs.map (4.73 kB) (892 B gzip)
  ├─ .output/server/chunks/build/index-BPF8DtUC.mjs (14.5 kB) (3.68 kB gzip)
  ├─ .output/server/chunks/build/index-BPF8DtUC.mjs.map (8.92 kB) (1.55 kB gzip)
  ├─ .output/server/chunks/build/index-CBVzctSC.mjs (9.89 kB) (2.67 kB gzip)
  ├─ .output/server/chunks/build/index-CBVzctSC.mjs.map (5.82 kB) (1 kB gzip)
  ├─ .output/server/chunks/build/index-CE6Jy7sf.mjs (8.59 kB) (2.86 kB gzip)
  ├─ .output/server/chunks/build/index-CE6Jy7sf.mjs.map (3.13 kB) (663 B gzip)
  ├─ .output/server/chunks/build/index-CJUUNY_3.mjs (692 B) (397 B gzip)
  ├─ .output/server/chunks/build/index-CJUUNY_3.mjs.map (122 B) (110 B gzip)
  ├─ .output/server/chunks/build/index-COeTPZ9p.mjs (710 B) (402 B gzip)
  ├─ .output/server/chunks/build/index-COeTPZ9p.mjs.map (122 B) (110 B gzip)
  ├─ .output/server/chunks/build/index-DN5VG9Li.mjs (51.3 kB) (10.6 kB gzip)
  ├─ .output/server/chunks/build/index-DN5VG9Li.mjs.map (551 B) (368 B gzip)
  ├─ .output/server/chunks/build/index-DrTKLAFl.mjs (12 kB) (3.61 kB gzip)
  ├─ .output/server/chunks/build/index-DrTKLAFl.mjs.map (3.77 kB) (1.11 kB gzip)
  ├─ .output/server/chunks/build/index-Gc0J9-E8.mjs (833 B) (501 B gzip)
  ├─ .output/server/chunks/build/index-Gc0J9-E8.mjs.map (321 B) (210 B gzip)
  ├─ .output/server/chunks/build/index-OEcKvhj0.mjs (24.8 kB) (6.73 kB gzip)
  ├─ .output/server/chunks/build/index-OEcKvhj0.mjs.map (2.4 kB) (536 B gzip)
  ├─ .output/server/chunks/build/index-styles-1.mjs-BNjXFEx4.mjs (764 B) (295 B gzip)
  ├─ .output/server/chunks/build/index-styles-1.mjs-BNjXFEx4.mjs.map (118 B) (121 B gzip)
  ├─ .output/server/chunks/build/index-styles.DFPOe5Pj.mjs (295 B) (198 B gzip)
  ├─ .output/server/chunks/build/index-styles.DFPOe5Pj.mjs.map (231 B) (175 B gzip)
  ├─ .output/server/chunks/build/index-styles.VllEaZv2.mjs (350 B) (201 B gzip)
  ├─ .output/server/chunks/build/index-styles.VllEaZv2.mjs.map (241 B) (179 B gzip)
  ├─ .output/server/chunks/build/input-D8MZoEyU.mjs (53.4 kB) (11.4 kB gzip)
  ├─ .output/server/chunks/build/input-D8MZoEyU.mjs.map (1.15 kB) (419 B gzip)
  ├─ .output/server/chunks/build/IntersectingCirclesSpinner-DKqZiSPt.mjs (3 kB) (939 B gzip)
  ├─ .output/server/chunks/build/IntersectingCirclesSpinner-DKqZiSPt.mjs.map (370 B) (275 B gzip)
  ├─ .output/server/chunks/build/jump-aLHMk_Rb.mjs (2.99 kB) (1.1 kB gzip)
  ├─ .output/server/chunks/build/jump-aLHMk_Rb.mjs.map (325 B) (257 B gzip)
  ├─ .output/server/chunks/build/loader-wifi-CupTyxW-.mjs (2.61 kB) (1.13 kB gzip)
  ├─ .output/server/chunks/build/loader-wifi-CupTyxW-.mjs.map (339 B) (260 B gzip)
  ├─ .output/server/chunks/build/loader1-BCBTCl9-.mjs (3.61 kB) (1.28 kB gzip)
  ├─ .output/server/chunks/build/loader1-BCBTCl9-.mjs.map (331 B) (256 B gzip)
  ├─ .output/server/chunks/build/loader10-B-cUTexG.mjs (2.28 kB) (1.13 kB gzip)
  ├─ .output/server/chunks/build/loader10-B-cUTexG.mjs.map (333 B) (259 B gzip)
  ├─ .output/server/chunks/build/loader2-ql2lrWJo.mjs (2.61 kB) (1.16 kB gzip)
  ├─ .output/server/chunks/build/loader2-ql2lrWJo.mjs.map (331 B) (256 B gzip)
  ├─ .output/server/chunks/build/loader3-CNEybUWl.mjs (2.44 kB) (1.14 kB gzip)
  ├─ .output/server/chunks/build/loader3-CNEybUWl.mjs.map (331 B) (259 B gzip)
  ├─ .output/server/chunks/build/loader4-PgxrbslC.mjs (2.5 kB) (1.11 kB gzip)
  ├─ .output/server/chunks/build/loader4-PgxrbslC.mjs.map (331 B) (255 B gzip)
  ├─ .output/server/chunks/build/loader5-DASS9AJ3.mjs (2.59 kB) (1.13 kB gzip)
  ├─ .output/server/chunks/build/loader5-DASS9AJ3.mjs.map (331 B) (259 B gzip)
  ├─ .output/server/chunks/build/loader6-CDINRJAx.mjs (2.63 kB) (1.18 kB gzip)
  ├─ .output/server/chunks/build/loader6-CDINRJAx.mjs.map (331 B) (260 B gzip)
  ├─ .output/server/chunks/build/loader7-BQdWGNcz.mjs (2.96 kB) (1.35 kB gzip)
  ├─ .output/server/chunks/build/loader7-BQdWGNcz.mjs.map (331 B) (260 B gzip)
  ├─ .output/server/chunks/build/loader8-BSc5Kl_Q.mjs (3.08 kB) (1.16 kB gzip)
  ├─ .output/server/chunks/build/loader8-BSc5Kl_Q.mjs.map (331 B) (257 B gzip)
  ├─ .output/server/chunks/build/loader9-_uo41bX0.mjs (2.64 kB) (1.12 kB gzip)
  ├─ .output/server/chunks/build/loader9-_uo41bX0.mjs.map (331 B) (256 B gzip)
  ├─ .output/server/chunks/build/LoopingRhombusesSpinner-DgEid3iZ.mjs (2.33 kB) (890 B gzip)
  ├─ .output/server/chunks/build/LoopingRhombusesSpinner-DgEid3iZ.mjs.map (381 B) (277 B gzip)
  ├─ .output/server/chunks/build/me-DuEh9BMg.mjs (692 B) (393 B gzip)
  ├─ .output/server/chunks/build/me-DuEh9BMg.mjs.map (119 B) (107 B gzip)
  ├─ .output/server/chunks/build/new-Bgb62mtl.mjs (708 B) (401 B gzip)
  ├─ .output/server/chunks/build/new-Bgb62mtl.mjs.map (120 B) (107 B gzip)
  ├─ .output/server/chunks/build/new-Ntd0k66j.mjs (714 B) (403 B gzip)
  ├─ .output/server/chunks/build/new-Ntd0k66j.mjs.map (120 B) (108 B gzip)
  ├─ .output/server/chunks/build/nuxt-link-C5vqy6Th.mjs (9.6 kB) (2.53 kB gzip)
  ├─ .output/server/chunks/build/nuxt-link-C5vqy6Th.mjs.map (338 B) (263 B gzip)
  ├─ .output/server/chunks/build/NuxtImg-ETmxcm0d.mjs (18.4 kB) (5.38 kB gzip)
  ├─ .output/server/chunks/build/NuxtImg-ETmxcm0d.mjs.map (1.53 kB) (411 B gzip)
  ├─ .output/server/chunks/build/OrbitSpinner-ZPJxqgvB.mjs (1.71 kB) (684 B gzip)
  ├─ .output/server/chunks/build/OrbitSpinner-ZPJxqgvB.mjs.map (342 B) (264 B gzip)
  ├─ .output/server/chunks/build/oval-vYi4FzCI.mjs (2.15 kB) (1.1 kB gzip)
  ├─ .output/server/chunks/build/oval-vYi4FzCI.mjs.map (325 B) (257 B gzip)
  ├─ .output/server/chunks/build/pacman-C7NZg_OF.mjs (2.84 kB) (1.16 kB gzip)
  ├─ .output/server/chunks/build/pacman-C7NZg_OF.mjs.map (329 B) (258 B gzip)
  ├─ .output/server/chunks/build/PixelSpinner-TmFGPWDY.mjs (3.82 kB) (911 B gzip)
  ├─ .output/server/chunks/build/PixelSpinner-TmFGPWDY.mjs.map (342 B) (266 B gzip)
  ├─ .output/server/chunks/build/puff-P6syq_X7.mjs (2.64 kB) (1.12 kB gzip)
  ├─ .output/server/chunks/build/puff-P6syq_X7.mjs.map (325 B) (257 B gzip)
  ├─ .output/server/chunks/build/pulse-3-60GlmnkK.mjs (2.93 kB) (1.1 kB gzip)
  ├─ .output/server/chunks/build/pulse-3-60GlmnkK.mjs.map (331 B) (259 B gzip)
  ├─ .output/server/chunks/build/pulse-DV-d9-3X.mjs (2.25 kB) (1.04 kB gzip)
  ├─ .output/server/chunks/build/pulse-DV-d9-3X.mjs.map (327 B) (256 B gzip)
  ├─ .output/server/chunks/build/pulse-multiple-DRxzaKrN.mjs (2.94 kB) (1.11 kB gzip)
  ├─ .output/server/chunks/build/pulse-multiple-DRxzaKrN.mjs.map (345 B) (263 B gzip)
  ├─ .output/server/chunks/build/pulse-ring-BWmMpEKt.mjs (2.64 kB) (1.15 kB gzip)
  ├─ .output/server/chunks/build/pulse-ring-BWmMpEKt.mjs.map (337 B) (261 B gzip)
  ├─ .output/server/chunks/build/pulse-rings-2-CXtkOiOB.mjs (3.2 kB) (1.19 kB gzip)
  ├─ .output/server/chunks/build/pulse-rings-2-CXtkOiOB.mjs.map (343 B) (263 B gzip)
  ├─ .output/server/chunks/build/pulse-rings-3-CmBZTobp.mjs (3.87 kB) (1.22 kB gzip)
  ├─ .output/server/chunks/build/pulse-rings-3-CmBZTobp.mjs.map (343 B) (263 B gzip)
  ├─ .output/server/chunks/build/pulse-rings-multiple-CWMWGEOe.mjs (3.87 kB) (1.23 kB gzip)
  ├─ .output/server/chunks/build/pulse-rings-multiple-CWMWGEOe.mjs.map (357 B) (271 B gzip)
  ├─ .output/server/chunks/build/pulse2-CRvRJ2Df.mjs (2.26 kB) (1.15 kB gzip)
  ├─ .output/server/chunks/build/pulse2-CRvRJ2Df.mjs.map (329 B) (258 B gzip)
  ├─ .output/server/chunks/build/RadarSpinner-jGrrxlqC.mjs (2.85 kB) (987 B gzip)
  ├─ .output/server/chunks/build/RadarSpinner-jGrrxlqC.mjs.map (357 B) (271 B gzip)
  ├─ .output/server/chunks/build/ring-resize-BagEnvyT.mjs (2.73 kB) (1.16 kB gzip)
  ├─ .output/server/chunks/build/ring-resize-BagEnvyT.mjs.map (339 B) (261 B gzip)
  ├─ .output/server/chunks/build/rings-CpEwOy2i.mjs (2.91 kB) (1.14 kB gzip)
  ├─ .output/server/chunks/build/rings-CpEwOy2i.mjs.map (327 B) (256 B gzip)
  ├─ .output/server/chunks/build/ru-Xsm5WN6U.mjs (8.01 kB) (1.47 kB gzip)
  ├─ .output/server/chunks/build/ru-Xsm5WN6U.mjs.map (203 B) (107 B gzip)
  ├─ .output/server/chunks/build/ScalingSquaresSpinner-BR_8Betq.mjs (2.29 kB) (891 B gzip)
  ├─ .output/server/chunks/build/ScalingSquaresSpinner-BR_8Betq.mjs.map (375 B) (275 B gzip)
  ├─ .output/server/chunks/build/SelfBuildingSquareSpinner-Oq7rQuKY.mjs (2.79 kB) (1.05 kB gzip)
  ├─ .output/server/chunks/build/SelfBuildingSquareSpinner-Oq7rQuKY.mjs.map (383 B) (282 B gzip)
  ├─ .output/server/chunks/build/SemipolarSpinner-CzgN2va_.mjs (2.61 kB) (986 B gzip)
  ├─ .output/server/chunks/build/SemipolarSpinner-CzgN2va_.mjs.map (363 B) (271 B gzip)
  ├─ .output/server/chunks/build/server.mjs (544 kB) (108 kB gzip)
  ├─ .output/server/chunks/build/server.mjs.map (21.2 kB) (3.21 kB gzip)
  ├─ .output/server/chunks/build/small-BNTMOLLz.mjs (4.04 kB) (1.27 kB gzip)
  ├─ .output/server/chunks/build/small-BNTMOLLz.mjs.map (1.84 kB) (562 B gzip)
  ├─ .output/server/chunks/build/spinner-double-BxBse28Q.mjs (5.11 kB) (2.15 kB gzip)
  ├─ .output/server/chunks/build/spinner-double-BxBse28Q.mjs.map (345 B) (261 B gzip)
  ├─ .output/server/chunks/build/spinner-lLTCvJBZ.mjs (3.22 kB) (1.37 kB gzip)
  ├─ .output/server/chunks/build/spinner-lLTCvJBZ.mjs.map (331 B) (259 B gzip)
  ├─ .output/server/chunks/build/spinner-multiple-D9IARKy2.mjs (4.02 kB) (1.29 kB gzip)
  ├─ .output/server/chunks/build/spinner-multiple-D9IARKy2.mjs.map (349 B) (266 B gzip)
  ├─ .output/server/chunks/build/spinning-circles-CZpfULGO.mjs (3.7 kB) (1.21 kB gzip)
  ├─ .output/server/chunks/build/spinning-circles-CZpfULGO.mjs.map (349 B) (267 B gzip)
  ├─ .output/server/chunks/build/SpringSpinner-Bw4fZYJk.mjs (2.8 kB) (853 B gzip)
  ├─ .output/server/chunks/build/SpringSpinner-Bw4fZYJk.mjs.map (344 B) (264 B gzip)
  ├─ .output/server/chunks/build/styles.mjs (1.8 kB) (510 B gzip)
  ├─ .output/server/chunks/build/styles.mjs.map (186 B) (152 B gzip)
  ├─ .output/server/chunks/build/SwappingSquaresSpinner-DdSvfOEW.mjs (2.41 kB) (939 B gzip)
  ├─ .output/server/chunks/build/SwappingSquaresSpinner-DdSvfOEW.mjs.map (377 B) (278 B gzip)
  ├─ .output/server/chunks/build/table-CWbkgY58.mjs (164 kB) (29.3 kB gzip)
  ├─ .output/server/chunks/build/table-CWbkgY58.mjs.map (8.37 kB) (1.44 kB gzip)
  ├─ .output/server/chunks/build/tadpole-L_-Qna7y.mjs (2.15 kB) (1.08 kB gzip)
  ├─ .output/server/chunks/build/tadpole-L_-Qna7y.mjs.map (331 B) (257 B gzip)
  ├─ .output/server/chunks/build/tag-BZ800_bM.mjs (1.29 kB) (679 B gzip)
  ├─ .output/server/chunks/build/tag-BZ800_bM.mjs.map (409 B) (244 B gzip)
  ├─ .output/server/chunks/build/tail-spin-RIUl-O5y.mjs (2.6 kB) (1.23 kB gzip)
  ├─ .output/server/chunks/build/tail-spin-RIUl-O5y.mjs.map (335 B) (262 B gzip)
  ├─ .output/server/chunks/build/test-error-hExEz6Aj.mjs (3.12 kB) (1.26 kB gzip)
  ├─ .output/server/chunks/build/test-error-hExEz6Aj.mjs.map (959 B) (380 B gzip)
  ├─ .output/server/chunks/build/test-error-styles-1.mjs-B2KP3JFm.mjs (2.83 kB) (912 B gzip)
  ├─ .output/server/chunks/build/test-error-styles-1.mjs-B2KP3JFm.mjs.map (123 B) (123 B gzip)
  ├─ .output/server/chunks/build/test-error-styles.CetsDgmS.mjs (380 B) (210 B gzip)
  ├─ .output/server/chunks/build/test-error-styles.CetsDgmS.mjs.map (251 B) (180 B gzip)
  ├─ .output/server/chunks/build/test-error-styles.DtCvEn-s.mjs (319 B) (209 B gzip)
  ├─ .output/server/chunks/build/test-error-styles.DtCvEn-s.mjs.map (241 B) (175 B gzip)
  ├─ .output/server/chunks/build/Time-gWL9G6UX.mjs (1.55 kB) (719 B gzip)
  ├─ .output/server/chunks/build/Time-gWL9G6UX.mjs.map (780 B) (356 B gzip)
  ├─ .output/server/chunks/build/TrinityRingsSpinner-DKVNBCNA.mjs (2.68 kB) (816 B gzip)
  ├─ .output/server/chunks/build/TrinityRingsSpinner-DKVNBCNA.mjs.map (356 B) (272 B gzip)
  ├─ .output/server/chunks/build/type-CpHDR6vg.mjs (4.59 kB) (1.64 kB gzip)
  ├─ .output/server/chunks/build/type-CpHDR6vg.mjs.map (2.05 kB) (695 B gzip)
  ├─ .output/server/chunks/build/Type-DoJQXP6n.mjs (1.61 kB) (753 B gzip)
  ├─ .output/server/chunks/build/Type-DoJQXP6n.mjs.map (488 B) (262 B gzip)
  ├─ .output/server/chunks/build/useBreakpoint-0o5-2VWY.mjs (416 B) (224 B gzip)
  ├─ .output/server/chunks/build/useBreakpoint-0o5-2VWY.mjs.map (568 B) (255 B gzip)
  ├─ .output/server/chunks/build/useLineClamp-fUuC7-9B.mjs (644 B) (346 B gzip)
  ├─ .output/server/chunks/build/useLineClamp-fUuC7-9B.mjs.map (665 B) (343 B gzip)
  ├─ .output/server/chunks/build/wifi-BrHTU967.mjs (3.01 kB) (1.29 kB gzip)
  ├─ .output/server/chunks/build/wifi-BrHTU967.mjs.map (325 B) (258 B gzip)
  ├─ .output/server/chunks/build/wifi-fade-C8U9ADaI.mjs (2.96 kB) (1.29 kB gzip)
  ├─ .output/server/chunks/build/wifi-fade-C8U9ADaI.mjs.map (335 B) (261 B gzip)
  ├─ .output/server/chunks/build/wind-toy-Dzf7zumw.mjs (3.07 kB) (1.48 kB gzip)
  ├─ .output/server/chunks/build/wind-toy-Dzf7zumw.mjs.map (333 B) (259 B gzip)
  ├─ .output/server/chunks/nitro/nitro.mjs (253 kB) (63.1 kB gzip)
  ├─ .output/server/chunks/nitro/nitro.mjs.map (9.99 kB) (1.55 kB gzip)
  ├─ .output/server/chunks/routes/renderer.mjs (13.7 kB) (4.25 kB gzip)
  ├─ .output/server/chunks/routes/renderer.mjs.map (1.7 kB) (412 B gzip)
  ├─ .output/server/chunks/virtual/_virtual_spa-template.mjs (94 B) (100 B gzip)
  ├─ .output/server/chunks/virtual/_virtual_spa-template.mjs.map (112 B) (111 B gzip)
  ├─ .output/server/index.mjs (456 B) (242 B gzip)
  └─ .output/server/package.json (2.1 kB) (770 B gzip)
Σ Total size: 11.2 MB (2.65 MB gzip)

[@nuxt/image]  WARN  sharp binaries for darwin-arm64 cannot be found. Please report this as a bug with a reproduction at https://github.com/nuxt/image.

[nitro] ✔ You can preview this build using node .output/server/index.mjs
