ℹ Nuxt Icon server bundle mode is set to local
✔ Nuxt Icon loaded local collection a-icon with 4 icons
npm warn Unknown env config "verify-deps-before-run". This will stop working in the next major version of npm.
npm error code ENOTFOUND
npm error syscall getaddrinfo
npm error errno ENOTFOUND
npm error network request to https://registry.npmjs.org/vue-tsc failed, reason: getaddrinfo ENOTFOUND registry.npmjs.org
npm error network This is a problem related to network connectivity.
npm error network In most cases you are behind a proxy or have bad network settings.
npm error network
npm error network If you are behind a proxy, please make sure that the
npm error network 'proxy' config is set properly.  See: 'npm help config'
npm error Log files were not written due to an error writing to the directory: /Users/egorbondarenko/.npm/_logs
npm error You can rerun the command with `--loglevel=verbose` to see the logs in your terminal

 ERROR  The command npx -p vue-tsc -p typescript vue-tsc -b --noEmit exited with a non-zero status (1)

    at ExecProcess._waitForOutput (/private/tmp/altera-agent-loop-autonomy/node_modules/.pnpm/tinyexec@1.3.0/node_modules/tinyexec/dist/main.mjs:298:122)
    at process.processTicksAndRejections (node:internal/process/task_queues:105:5)
    at async Object.run (/private/tmp/altera-agent-loop-autonomy/node_modules/.pnpm/@nuxt+cli@3.26.2_magicast@0.3.5/node_modules/@nuxt/cli/dist/chunks/typecheck.mjs:63:5)
    at async runCommand (/private/tmp/altera-agent-loop-autonomy/node_modules/.pnpm/citty@0.1.6/node_modules/citty/dist/index.mjs:316:16)
    at async runCommand (/private/tmp/altera-agent-loop-autonomy/node_modules/.pnpm/citty@0.1.6/node_modules/citty/dist/index.mjs:307:11)
    at async runMain (/private/tmp/altera-agent-loop-autonomy/node_modules/.pnpm/citty@0.1.6/node_modules/citty/dist/index.mjs:445:7) 



 ERROR  The command npx -p vue-tsc -p typescript vue-tsc -b --noEmit exited with a non-zero status (1)

undefined
/private/tmp/altera-agent-loop-autonomy/web:
 ERR_PNPM_RECURSIVE_EXEC_FIRST_FAIL  Command failed with exit code 1: nuxi typecheck
